Component: ARM Compiler 5.06 update 6 (build 750) Tool: armlink [4d35ed]

==============================================================================

Section Cross References

    startup_stm32f427xx.o(RESET) refers to startup_stm32f427xx.o(STACK) for __initial_sp
    startup_stm32f427xx.o(RESET) refers to startup_stm32f427xx.o(.text) for Reset_Handler
    startup_stm32f427xx.o(RESET) refers to stm32f4xx_it.o(i.NMI_Handler) for NMI_Handler
    startup_stm32f427xx.o(RESET) refers to stm32f4xx_it.o(i.HardFault_Handler) for HardFault_Handler
    startup_stm32f427xx.o(RESET) refers to stm32f4xx_it.o(i.MemManage_Handler) for MemManage_Handler
    startup_stm32f427xx.o(RESET) refers to stm32f4xx_it.o(i.BusFault_Handler) for BusFault_Handler
    startup_stm32f427xx.o(RESET) refers to stm32f4xx_it.o(i.UsageFault_Handler) for UsageFault_Handler
    startup_stm32f427xx.o(RESET) refers to port.o(.emb_text) for SVC_Handler
    startup_stm32f427xx.o(RESET) refers to stm32f4xx_it.o(i.DebugMon_Handler) for DebugMon_Handler
    startup_stm32f427xx.o(RESET) refers to port.o(i.SysTick_Handler) for SysTick_Handler
    startup_stm32f427xx.o(RESET) refers to stm32f4xx_it.o(i.DMA1_Stream3_IRQHandler) for DMA1_Stream3_IRQHandler
    startup_stm32f427xx.o(RESET) refers to stm32f4xx_it.o(i.CAN1_RX0_IRQHandler) for CAN1_RX0_IRQHandler
    startup_stm32f427xx.o(RESET) refers to stm32f4xx_it.o(i.EXTI9_5_IRQHandler) for EXTI9_5_IRQHandler
    startup_stm32f427xx.o(RESET) refers to stm32f4xx_it.o(i.TIM1_UP_TIM10_IRQHandler) for TIM1_UP_TIM10_IRQHandler
    startup_stm32f427xx.o(RESET) refers to stm32f4xx_it.o(i.TIM3_IRQHandler) for TIM3_IRQHandler
    startup_stm32f427xx.o(RESET) refers to stm32f4xx_it.o(i.USART1_IRQHandler) for USART1_IRQHandler
    startup_stm32f427xx.o(RESET) refers to stm32f4xx_it.o(i.USART2_IRQHandler) for USART2_IRQHandler
    startup_stm32f427xx.o(RESET) refers to stm32f4xx_it.o(i.DMA2_Stream1_IRQHandler) for DMA2_Stream1_IRQHandler
    startup_stm32f427xx.o(RESET) refers to stm32f4xx_it.o(i.DMA2_Stream2_IRQHandler) for DMA2_Stream2_IRQHandler
    startup_stm32f427xx.o(RESET) refers to stm32f4xx_it.o(i.CAN2_RX0_IRQHandler) for CAN2_RX0_IRQHandler
    startup_stm32f427xx.o(RESET) refers to stm32f4xx_it.o(i.USART6_IRQHandler) for USART6_IRQHandler
    startup_stm32f427xx.o(RESET) refers to stm32f4xx_it.o(i.UART7_IRQHandler) for UART7_IRQHandler
    startup_stm32f427xx.o(RESET) refers to stm32f4xx_it.o(i.UART8_IRQHandler) for UART8_IRQHandler
    startup_stm32f427xx.o(.text) refers to system_stm32f4xx.o(i.SystemInit) for SystemInit
    startup_stm32f427xx.o(.text) refers to entry.o(.ARM.Collect$$$$00000000) for __main
    main.o(i.SystemClock_Config) refers to memseta.o(.text) for __aeabi_memclr4
    main.o(i.SystemClock_Config) refers to stm32f4xx_hal_rcc.o(i.HAL_RCC_OscConfig) for HAL_RCC_OscConfig
    main.o(i.SystemClock_Config) refers to stm32f4xx_hal_rcc.o(i.HAL_RCC_ClockConfig) for HAL_RCC_ClockConfig
    main.o(i.main) refers to stm32f4xx_hal.o(i.HAL_Init) for HAL_Init
    main.o(i.main) refers to main.o(i.SystemClock_Config) for SystemClock_Config
    main.o(i.main) refers to port.o(i.vPortEnterCritical) for vPortEnterCritical
    main.o(i.main) refers to gpio.o(i.MX_GPIO_Init) for MX_GPIO_Init
    main.o(i.main) refers to dma.o(i.MX_DMA_Init) for MX_DMA_Init
    main.o(i.main) refers to can.o(i.MX_CAN1_Init) for MX_CAN1_Init
    main.o(i.main) refers to can.o(i.MX_CAN2_Init) for MX_CAN2_Init
    main.o(i.main) refers to spi.o(i.MX_SPI5_Init) for MX_SPI5_Init
    main.o(i.main) refers to tim.o(i.MX_TIM2_Init) for MX_TIM2_Init
    main.o(i.main) refers to tim.o(i.MX_TIM3_Init) for MX_TIM3_Init
    main.o(i.main) refers to tim.o(i.MX_TIM4_Init) for MX_TIM4_Init
    main.o(i.main) refers to tim.o(i.MX_TIM5_Init) for MX_TIM5_Init
    main.o(i.main) refers to usart.o(i.MX_UART7_Init) for MX_UART7_Init
    main.o(i.main) refers to usart.o(i.MX_UART8_Init) for MX_UART8_Init
    main.o(i.main) refers to usart.o(i.MX_USART1_UART_Init) for MX_USART1_UART_Init
    main.o(i.main) refers to usart.o(i.MX_USART2_UART_Init) for MX_USART2_UART_Init
    main.o(i.main) refers to usart.o(i.MX_USART6_UART_Init) for MX_USART6_UART_Init
    main.o(i.main) refers to bsp.o(i.BSP_Init) for BSP_Init
    main.o(i.main) refers to freertos.o(i.MX_FREERTOS_Init) for MX_FREERTOS_Init
    main.o(i.main) refers to port.o(i.vPortExitCritical) for vPortExitCritical
    main.o(i.main) refers to cmsis_os.o(i.osKernelStart) for osKernelStart
    gpio.o(i.MX_GPIO_Init) refers to memseta.o(.text) for __aeabi_memclr4
    gpio.o(i.MX_GPIO_Init) refers to stm32f4xx_hal_gpio.o(i.HAL_GPIO_WritePin) for HAL_GPIO_WritePin
    gpio.o(i.MX_GPIO_Init) refers to stm32f4xx_hal_gpio.o(i.HAL_GPIO_Init) for HAL_GPIO_Init
    gpio.o(i.MX_GPIO_Init) refers to stm32f4xx_hal_cortex.o(i.HAL_NVIC_SetPriority) for HAL_NVIC_SetPriority
    gpio.o(i.MX_GPIO_Init) refers to stm32f4xx_hal_cortex.o(i.HAL_NVIC_EnableIRQ) for HAL_NVIC_EnableIRQ
[...]
    .data                                    0x20000158   Section        4  remote_control_task.o(.data)
    .bss                                     0x2000015c   Section       80  can.o(.bss)
    .bss                                     0x200001ac   Section      596  freertos.o(.bss)
    xIdleTaskTCBBuffer                       0x200001ac   Data          84  freertos.o(.bss)
    xIdleStack                               0x20000200   Data         512  freertos.o(.bss)
    .bss                                     0x20000400   Section       88  spi.o(.bss)
    .bss                                     0x20000458   Section      256  tim.o(.bss)
    .bss                                     0x20000558   Section      608  usart.o(.bss)
    .bss                                     0x200007b8   Section       64  stm32f4xx_hal_timebase_tim.o(.bss)
    .bss                                     0x200007f8   Section      240  tasks.o(.bss)
    pxReadyTasksLists                        0x200007f8   Data         140  tasks.o(.bss)
    xDelayedTaskList1                        0x20000884   Data          20  tasks.o(.bss)
    xDelayedTaskList2                        0x20000898   Data          20  tasks.o(.bss)
    xPendingReadyList                        0x200008ac   Data          20  tasks.o(.bss)
    xTasksWaitingTermination                 0x200008c0   Data          20  tasks.o(.bss)
    xSuspendedTaskList                       0x200008d4   Data          20  tasks.o(.bss)
    .bss                                     0x200008e8   Section    15360  heap_4.o(.bss)
    ucHeap                                   0x200008e8   Data       15360  heap_4.o(.bss)
    .bss                                     0x200044e8   Section      840  pid.o(.bss)
    .bss                                     0x20004830   Section       98  imu.o(.bss)
    .bss                                     0x20004894   Section       76  offline_check.o(.bss)
    .bss                                     0x200048e0   Section      388  motor_use_can.o(.bss)
    Gimbal_TX_Message                        0x200049a4   Data          24  motor_use_can.o(.bss)
    Gimbal_TX_Message                        0x200049bc   Data          24  motor_use_can.o(.bss)
    Gimbal_TX_Message                        0x200049d4   Data          24  motor_use_can.o(.bss)
    Chassis_TX_Message                       0x200049ec   Data          24  motor_use_can.o(.bss)
    Chassis_TX_Message                       0x20004a04   Data          24  motor_use_can.o(.bss)
    Trigger_TX_Message                       0x20004a1c   Data          24  motor_use_can.o(.bss)
    Referee_TX_Message                       0x20004a34   Data          24  motor_use_can.o(.bss)
    Remote_TX_Message                        0x20004a4c   Data          24  motor_use_can.o(.bss)
    .bss                                     0x20004a64   Section       30  vision.o(.bss)
    vision_rx_buf                            0x20004a70   Data          18  vision.o(.bss)
    .bss                                     0x20004a84   Section     1100  referee.o(.bss)
    referee_rx_buf                           0x20004e08   Data         200  referee.o(.bss)
    .bss                                     0x20004ed0   Section       56  remote_control.o(.bss)
    sbus_rx_buf                              0x20004ee4   Data          36  remote_control.o(.bss)
    .bss                                     0x20004f08   Section      244  pid_wireless_debug.o(.bss)
    .bss                                     0x20004ffc   Section       24  shoot_task.o(.bss)
    STACK                                    0x20005018   Section     1024  startup_stm32f427xx.o(STACK)

    Global Symbols

    Symbol Name                              Value     Ov Type        Size  Object(Section)

    BuildAttributes$$THM_ISAv4$E$P$D$K$B$S$7EM$VFPi3$EXTD16$VFPS$VFMA$PE$A:L22UL41UL21$X:L11$S22US41US21$IEEE1$IW$USESV6$~STKCKD$USESV7$~SHL$OTIME$ROPI$IEEEX$EBA8$MICROLIB$REQ8$PRES8$EABIv2 0x00000000   Number         0  anon$$obj.o ABSOLUTE
    __ARM_use_no_argv                        0x00000000   Number         0  main.o ABSOLUTE
    __cpp_initialize__aeabi_                  - Undefined Weak Reference
    __cxa_finalize                            - Undefined Weak Reference
    _clock_init                               - Undefined Weak Reference
    _microlib_exit                            - Undefined Weak Reference
    __Vectors_Size                           0x000001ac   Number         0  startup_stm32f427xx.o ABSOLUTE
    __Vectors                                0x08000000   Data           4  startup_stm32f427xx.o(RESET)
    __Vectors_End                            0x080001ac   Data           0  startup_stm32f427xx.o(RESET)
    __main                                   0x080001ad   Thumb Code     0  entry.o(.ARM.Collect$$$$00000000)
    _main_stk                                0x080001ad   Thumb Code     0  entry2.o(.ARM.Collect$$$$00000001)
    _main_scatterload                        0x080001b1   Thumb Code     0  entry5.o(.ARM.Collect$$$$00000004)
    __main_after_scatterload                 0x080001b5   Thumb Code     0  entry5.o(.ARM.Collect$$$$00000004)
    _main_clock                              0x080001b5   Thumb Code     0  entry7b.o(.ARM.Collect$$$$00000008)
    _main_cpp_init                           0x080001b5   Thumb Code     0  entry8b.o(.ARM.Collect$$$$0000000A)
    _main_init                               0x080001b5   Thumb Code     0  entry9a.o(.ARM.Collect$$$$0000000B)
    __rt_final_cpp                           0x080001bd   Thumb Code     0  entry10a.o(.ARM.Collect$$$$0000000D)
    __rt_final_exit                          0x080001bd   Thumb Code     0  entry11a.o(.ARM.Collect$$$$0000000F)
    SVC_Handler                              0x080001c1   Thumb Code    28  port.o(.emb_text)
    __asm___6_port_c_39a90d8d__prvStartFirstTask 0x080001e1   Thumb Code    36  port.o(.emb_text)
    __asm___6_port_c_39a90d8d__prvEnableVFP  0x08000209   Thumb Code    16  port.o(.emb_text)
    PendSV_Handler                           0x0800021d   Thumb Code    88  port.o(.emb_text)
    vPortGetIPSR                             0x08000279   Thumb Code     6  port.o(.emb_text)
    Reset_Handler                            0x08000281   Thumb Code     8  startup_stm32f427xx.o(.text)
    ADC_IRQHandler                           0x0800029b   Thumb Code     0  startup_stm32f427xx.o(.text)
    CAN1_RX1_IRQHandler                      0x0800029b   Thumb Code     0  startup_stm32f427xx.o(.text)
    CAN1_SCE_IRQHandler                      0x0800029b   Thumb Code     0  startup_stm32f427xx.o(.text)
    CAN1_TX_IRQHandler                       0x0800029b   Thumb Code     0  startup_stm32f427xx.o(.text)
    CAN2_RX1_IRQHandler                      0x0800029b   Thumb Code     0  startup_stm32f427xx.o(.text)
    CAN2_SCE_IRQHandler                      0x0800029b   Thumb Code     0  startup_stm32f427xx.o(.text)
    CAN2_TX_IRQHandler                       0x0800029b   Thumb Code     0  startup_stm32f427xx.o(.text)
    DCMI_IRQHandler                          0x0800029b   Thumb Code     0  startup_stm32f427xx.o(.text)
    DMA1_Stream0_IRQHandler                  0x0800029b   Thumb Code     0  startup_stm32f427xx.o(.text)
    DMA1_Stream1_IRQHandler                  0x0800029b   Thumb Code     0  startup_stm32f427xx.o(.text)
    DMA1_Stream2_IRQHandler                  0x0800029b   Thumb Code     0  startup_stm32f427xx.o(.text)
    DMA1_Stream4_IRQHandler                  0x0800029b   Thumb Code     0  startup_stm32f427xx.o(.text)
    DMA1_Stream5_IRQHandler                  0x0800029b   Thumb Code     0  startup_stm32f427xx.o(.text)
    DMA1_Stream6_IRQHandler                  0x0800029b   Thumb Code     0  startup_stm32f427xx.o(.text)
    DMA1_Stream7_IRQHandler                  0x0800029b   Thumb Code     0  startup_stm32f427xx.o(.text)
    DMA2D_IRQHandler                         0x0800029b   Thumb Code     0  startup_stm32f427xx.o(.text)
    DMA2_Stream0_IRQHandler                  0x0800029b   Thumb Code     0  startup_stm32f427xx.o(.text)
    DMA2_Stream3_IRQHandler                  0x0800029b   Thumb Code     0  startup_stm32f427xx.o(.text)
    DMA2_Stream4_IRQHandler                  0x0800029b   Thumb Code     0  startup_stm32f427xx.o(.text)
    DMA2_Stream5_IRQHandler                  0x0800029b   Thumb Code     0  startup_stm32f427xx.o(.text)
    DMA2_Stream6_IRQHandler                  0x0800029b   Thumb Code     0  startup_stm32f427xx.o(.text)
    DMA2_Stream7_IRQHandler                  0x0800029b   Thumb Code     0  startup_stm32f427xx.o(.text)
    ETH_IRQHandler                           0x0800029b   Thumb Code     0  startup_stm32f427xx.o(.text)
    ETH_WKUP_IRQHandler                      0x0800029b   Thumb Code     0  startup_stm32f427xx.o(.text)
    EXTI0_IRQHandler                         0x0800029b   Thumb Code     0  startup_stm32f427xx.o(.text)
    EXTI15_10_IRQHandler                     0x0800029b   Thumb Code     0  startup_stm32f427xx.o(.text)
    EXTI1_IRQHandler                         0x0800029b   Thumb Code     0  startup_stm32f427xx.o(.text)
    EXTI2_IRQHandler                         0x0800029b   Thumb Code     0  startup_stm32f427xx.o(.text)
    EXTI3_IRQHandler                         0x0800029b   Thumb Code     0  startup_stm32f427xx.o(.text)
    EXTI4_IRQHandler                         0x0800029b   Thumb Code     0  startup_stm32f427xx.o(.text)
    FLASH_IRQHandler                         0x0800029b   Thumb Code     0  startup_stm32f427xx.o(.text)
    FMC_IRQHandler                           0x0800029b   Thumb Code     0  startup_stm32f427xx.o(.text)
    FPU_IRQHandler                           0x0800029b   Thumb Code     0  startup_stm32f427xx.o(.text)
    HASH_RNG_IRQHandler                      0x0800029b   Thumb Code     0  startup_stm32f427xx.o(.text)
    I2C1_ER_IRQHandler                       0x0800029b   Thumb Code     0  startup_stm32f427xx.o(.text)
    I2C1_EV_IRQHandler                       0x0800029b   Thumb Code     0  startup_stm32f427xx.o(.text)
    I2C2_ER_IRQHandler                       0x0800029b   Thumb Code     0  startup_stm32f427xx.o(.text)
    I2C2_EV_IRQHandler                       0x0800029b   Thumb Code     0  startup_stm32f427xx.o(.text)
    I2C3_ER_IRQHandler                       0x0800029b   Thumb Code     0  startup_stm32f427xx.o(.text)
    I2C3_EV_IRQHandler                       0x0800029b   Thumb Code     0  startup_stm32f427xx.o(.text)
    OTG_FS_IRQHandler                        0x0800029b   Thumb Code     0  startup_stm32f427xx.o(.text)
    OTG_FS_WKUP_IRQHandler                   0x0800029b   Thumb Code     0  startup_stm32f427xx.o(.text)
    OTG_HS_EP1_IN_IRQHandler                 0x0800029b   Thumb Code     0  startup_stm32f427xx.o(.text)
    OTG_HS_EP1_OUT_IRQHandler                0x0800029b   Thumb Code     0  startup_stm32f427xx.o(.text)
    OTG_HS_IRQHandler                        0x0800029b   Thumb Code     0  startup_stm32f427xx.o(.text)
    OTG_HS_WKUP_IRQHandler                   0x0800029b   Thumb Code     0  startup_stm32f427xx.o(.text)
    PVD_IRQHandler                           0x0800029b   Thumb Code     0  startup_stm32f427xx.o(.text)
    RCC_IRQHandler                           0x0800029b   Thumb Code     0  startup_stm32f427xx.o(.text)
    RTC_Alarm_IRQHandler                     0x0800029b   Thumb Code     0  startup_stm32f427xx.o(.text)
    RTC_WKUP_IRQHandler                      0x0800029b   Thumb Code     0  startup_stm32f427xx.o(.text)
    SAI1_IRQHandler                          0x0800029b   Thumb Code     0  startup_stm32f427xx.o(.text)
    SDIO_IRQHandler                          0x0800029b   Thumb Code     0  startup_stm32f427xx.o(.text)
    SPI1_IRQHandler                          0x0800029b   Thumb Code     0  startup_stm32f427xx.o(.text)
    SPI2_IRQHandler                          0x0800029b   Thumb Code     0  startup_stm32f427xx.o(.text)
    SPI3_IRQHandler                          0x0800029b   Thumb Code     0  startup_stm32f427xx.o(.text)
    SPI4_IRQHandler                          0x0800029b   Thumb Code     0  startup_stm32f427xx.o(.text)
    SPI5_IRQHandler                          0x0800029b   Thumb Code     0  startup_stm32f427xx.o(.text)
    SPI6_IRQHandler                          0x0800029b   Thumb Code     0  startup_stm32f427xx.o(.text)
    TAMP_STAMP_IRQHandler                    0x0800029b   Thumb Code     0  startup_stm32f427xx.o(.text)
    TIM1_BRK_TIM9_IRQHandler                 0x0800029b   Thumb Code     0  startup_stm32f427xx.o(.text)
    TIM1_CC_IRQHandler                       0x0800029b   Thumb Code     0  startup_stm32f427xx.o(.text)
    TIM1_TRG_COM_TIM11_IRQHandler            0x0800029b   Thumb Code     0  startup_stm32f427xx.o(.text)
    TIM2_IRQHandler                          0x0800029b   Thumb Code     0  startup_stm32f427xx.o(.text)
    TIM4_IRQHandler                          0x0800029b   Thumb Code     0  startup_stm32f427xx.o(.text)
    TIM5_IRQHandler                          0x0800029b   Thumb Code     0  startup_stm32f427xx.o(.text)
    TIM6_DAC_IRQHandler                      0x0800029b   Thumb Code     0  startup_stm32f427xx.o(.text)
    TIM7_IRQHandler                          0x0800029b   Thumb Code     0  startup_stm32f427xx.o(.text)
    TIM8_BRK_TIM12_IRQHandler                0x0800029b   Thumb Code     0  startup_stm32f427xx.o(.text)
    TIM8_CC_IRQHandler                       0x0800029b   Thumb Code     0  startup_stm32f427xx.o(.text)
    TIM8_TRG_COM_TIM14_IRQHandler            0x0800029b   Thumb Code     0  startup_stm32f427xx.o(.text)
    TIM8_UP_TIM13_IRQHandler                 0x0800029b   Thumb Code     0  startup_stm32f427xx.o(.text)
    UART4_IRQHandler                         0x0800029b   Thumb Code     0  startup_stm32f427xx.o(.text)
    UART5_IRQHandler                         0x0800029b   Thumb Code     0  startup_stm32f427xx.o(.text)
    USART3_IRQHandler                        0x0800029b   Thumb Code     0  startup_stm32f427xx.o(.text)
    WWDG_IRQHandler                          0x0800029b   Thumb Code     0  startup_stm32f427xx.o(.text)
    __aeabi_uldivmod                         0x080002a5   Thumb Code    98  uldiv.o(.text)
    __aeabi_memcpy                           0x08000307   Thumb Code    36  memcpya.o(.text)
    __aeabi_memcpy4                          0x08000307   Thumb Code     0  memcpya.o(.text)
    __aeabi_memcpy8                          0x08000307   Thumb Code     0  memcpya.o(.text)
    __aeabi_memset                           0x0800032b   Thumb Code    14  memseta.o(.text)
    __aeabi_memset4                          0x0800032b   Thumb Code     0  memseta.o(.text)
    __aeabi_memset8                          0x0800032b   Thumb Code     0  memseta.o(.text)
    __aeabi_memclr                           0x08000339   Thumb Code     4  memseta.o(.text)
    __aeabi_memclr4                          0x08000339   Thumb Code     0  memseta.o(.text)
    __aeabi_memclr8                          0x08000339   Thumb Code     0  memseta.o(.text)
    memset                                   0x0800033d   Thumb Code    18  memseta.o(.text)
    __aeabi_dadd                             0x0800034f   Thumb Code   322  dadd.o(.text)
    __aeabi_dsub                             0x08000491   Thumb Code     6  dadd.o(.text)
    __aeabi_drsub                            0x08000497   Thumb Code     6  dadd.o(.text)
    __aeabi_ddiv                             0x0800049d   Thumb Code   222  ddiv.o(.text)
    __aeabi_ui2d                             0x0800057b   Thumb Code    26  dfltui.o(.text)
    __aeabi_d2f                              0x08000595   Thumb Code    56  d2f.o(.text)
    __aeabi_llsl                             0x080005cd   Thumb Code    30  llshl.o(.text)
    _ll_shift_l                              0x080005cd   Thumb Code     0  llshl.o(.text)
    __aeabi_llsr                             0x080005eb   Thumb Code    32  llushr.o(.text)
    _ll_ushift_r                             0x080005eb   Thumb Code     0  llushr.o(.text)
    __aeabi_lasr                             0x0800060b   Thumb Code    36  llsshr.o(.text)
    _ll_sshift_r                             0x0800060b   Thumb Code     0  llsshr.o(.text)
    __I$use$fp                               0x0800062f   Thumb Code     0  iusefp.o(.text)
    _float_round                             0x0800062f   Thumb Code    18  fepilogue.o(.text)
    _float_epilogue                          0x08000641   Thumb Code    92  fepilogue.o(.text)
    _double_round                            0x0800069d   Thumb Code    30  depilogue.o(.text)
    _double_epilogue                         0x080006bb   Thumb Code   156  depilogue.o(.text)
    __scatterload                            0x08000759   Thumb Code    28  init.o(.text)
    __scatterload_rt2                        0x08000759   Thumb Code     0  init.o(.text)
    __decompress                             0x0800077d   Thumb Code     0  __dczerorl.o(.text)
    __decompress0                            0x0800077d   Thumb Code    58  __dczerorl.o(.text)
    BSP_CAN_Init                             0x080007b9   Thumb Code    76  bsp_can.o(i.BSP_CAN_Init)
    BSP_Init                                 0x0800080d   Thumb Code    46  bsp.o(i.BSP_Init)
    BusFault_Handler                         0x08000845   Thumb Code     2  stm32f4xx_it.o(i.BusFault_Handler)
    CAN1_RX0_IRQHandler                      0x08000849   Thumb Code     6  stm32f4xx_it.o(i.CAN1_RX0_IRQHandler)
    CAN2_RX0_IRQHandler                      0x08000855   Thumb Code     6  stm32f4xx_it.o(i.CAN2_RX0_IRQHandler)
    CAN_GET_Remote                           0x08000861   Thumb Code    28  motor_use_can.o(i.CAN_GET_Remote)
    Chassis_Motor_Drive                      0x0800087d   Thumb Code    80  motor_use_can.o(i.Chassis_Motor_Drive)
    DMA1_Stream3_IRQHandler                  0x080008d1   Thumb Code     6  stm32f4xx_it.o(i.DMA1_Stream3_IRQHandler)
    DMA2_Stream1_IRQHandler                  0x080008dd   Thumb Code     6  stm32f4xx_it.o(i.DMA2_Stream1_IRQHandler)
    DMA2_Stream2_IRQHandler                  0x080008e9   Thumb Code     6  stm32f4xx_it.o(i.DMA2_Stream2_IRQHandler)
    DR16_UART_IRQHandler                     0x08000999   Thumb Code   124  remote_control.o(i.DR16_UART_IRQHandler)
    DebugMon_Handler                         0x08000a29   Thumb Code     2  stm32f4xx_it.o(i.DebugMon_Handler)
    Device_OffLine_Check                     0x08000a2d   Thumb Code    64  offline_check.o(i.Device_OffLine_Check)
    EXTI9_5_IRQHandler                       0x08000a75   Thumb Code     6  stm32f4xx_it.o(i.EXTI9_5_IRQHandler)
    EnergyStorage_Motor_PID_Init             0x08000a7d   Thumb Code    28  shoot_task.o(i.EnergyStorage_Motor_PID_Init)
    Energy_Release                           0x08000aad   Thumb Code    30  shoot_task.o(i.Energy_Release)
    Energy_Storage                           0x08000ad1   Thumb Code   148  shoot_task.o(i.Energy_Storage)
    Energy_Storage_First                     0x08000b7d   Thumb Code   152  shoot_task.o(i.Energy_Storage_First)
    Energy_Storage_Task                      0x08000c31   Thumb Code   476  shoot_task.o(i.Energy_Storage_Task)
    Error_Handler                            0x08000e2d   Thumb Code     2  main.o(i.Error_Handler)
    Get_CRC16_Check_Sum                      0x08000e31   Thumb Code    38  crc.o(i.Get_CRC16_Check_Sum)
    Get_CRC8_Check_Sum                       0x08000e5d   Thumb Code    24  crc.o(i.Get_CRC8_Check_Sum)
    Get_Moto_Measure_2006                    0x08000e79   Thumb Code    60  motor_use_can.o(i.Get_Moto_Measure_2006)
    Get_Moto_Measure_3508                    0x08000eb5   Thumb Code    64  motor_use_can.o(i.Get_Moto_Measure_3508)
    Get_Moto_Measure_6020                    0x08000ef5   Thumb Code    64  motor_use_can.o(i.Get_Moto_Measure_6020)
    Get_Moto_Offset                          0x08000f35   Thumb Code    16  motor_use_can.o(i.Get_Moto_Offset)
    Get_System_Timer                         0x08000f45   Thumb Code    62  offline_check.o(i.Get_System_Timer)
    Gimbal_Control_Task                      0x08000f91   Thumb Code   156  gimbal_control_task.o(i.Gimbal_Control_Task)
    Gimbal_Motor_Drive                       0x08001039   Thumb Code    76  motor_use_can.o(i.Gimbal_Motor_Drive)
    HAL_CAN_ActivateNotification             0x08001089   Thumb Code    36  stm32f4xx_hal_can.o(i.HAL_CAN_ActivateNotification)
    HAL_CAN_AddTxMessage                     0x080010ad   Thumb Code   200  stm32f4xx_hal_can.o(i.HAL_CAN_AddTxMessage)
    HAL_CAN_ConfigFilter                     0x08001175   Thumb Code   262  stm32f4xx_hal_can.o(i.HAL_CAN_ConfigFilter)
    HAL_CAN_ErrorCallback                    0x08001281   Thumb Code     2  stm32f4xx_hal_can.o(i.HAL_CAN_ErrorCallback)
    HAL_CAN_GetRxMessage                     0x08001283   Thumb Code   232  stm32f4xx_hal_can.o(i.HAL_CAN_GetRxMessage)
    HAL_CAN_IRQHandler                       0x0800136b   Thumb Code   508  stm32f4xx_hal_can.o(i.HAL_CAN_IRQHandler)
    HAL_CAN_Init                             0x08001567   Thumb Code   282  stm32f4xx_hal_can.o(i.HAL_CAN_Init)
    HAL_CAN_MspInit                          0x08001681   Thumb Code   228  can.o(i.HAL_CAN_MspInit)
    HAL_CAN_RxFifo0FullCallback              0x0800177d   Thumb Code     2  stm32f4xx_hal_can.o(i.HAL_CAN_RxFifo0FullCallback)
    HAL_CAN_RxFifo0MsgPendingCallback        0x08001781   Thumb Code   348  motor_use_can.o(i.HAL_CAN_RxFifo0MsgPendingCallback)
    HAL_CAN_RxFifo1FullCallback              0x080018f1   Thumb Code     2  stm32f4xx_hal_can.o(i.HAL_CAN_RxFifo1FullCallback)
    HAL_CAN_RxFifo1MsgPendingCallback        0x080018f3   Thumb Code     2  stm32f4xx_hal_can.o(i.HAL_CAN_RxFifo1MsgPendingCallback)
    HAL_CAN_SleepCallback                    0x080018f5   Thumb Code     2  stm32f4xx_hal_can.o(i.HAL_CAN_SleepCallback)
    HAL_CAN_Start                            0x080018f9   Thumb Code    88  stm32f4xx_hal_can.o(i.HAL_CAN_Start)
    HAL_CAN_TxMailbox0AbortCallback          0x08001951   Thumb Code     2  stm32f4xx_hal_can.o(i.HAL_CAN_TxMailbox0AbortCallback)
    HAL_CAN_TxMailbox0CompleteCallback       0x08001953   Thumb Code     2  stm32f4xx_hal_can.o(i.HAL_CAN_TxMailbox0CompleteCallback)
    HAL_CAN_TxMailbox1AbortCallback          0x08001955   Thumb Code     2  stm32f4xx_hal_can.o(i.HAL_CAN_TxMailbox1AbortCallback)
    HAL_CAN_TxMailbox1CompleteCallback       0x08001957   Thumb Code     2  stm32f4xx_hal_can.o(i.HAL_CAN_TxMailbox1CompleteCallback)
    HAL_CAN_TxMailbox2AbortCallback          0x08001959   Thumb Code     2  stm32f4xx_hal_can.o(i.HAL_CAN_TxMailbox2AbortCallback)
    HAL_CAN_TxMailbox2CompleteCallback       0x0800195b   Thumb Code     2  stm32f4xx_hal_can.o(i.HAL_CAN_TxMailbox2CompleteCallback)
    HAL_CAN_WakeUpFromRxMsgCallback          0x0800195d   Thumb Code     2  stm32f4xx_hal_can.o(i.HAL_CAN_WakeUpFromRxMsgCallback)
    HAL_DMA_Abort_IT                         0x0800195f   Thumb Code    36  stm32f4xx_hal_dma.o(i.HAL_DMA_Abort_IT)
    HAL_DMA_IRQHandler                       0x08001985   Thumb Code   412  stm32f4xx_hal_dma.o(i.HAL_DMA_IRQHandler)
    HAL_DMA_Init                             0x08001b25   Thumb Code   206  stm32f4xx_hal_dma.o(i.HAL_DMA_Init)
    HAL_DMA_Start                            0x08001bf9   Thumb Code    70  stm32f4xx_hal_dma.o(i.HAL_DMA_Start)
    HAL_DMA_Start_IT                         0x08001c3f   Thumb Code   110  stm32f4xx_hal_dma.o(i.HAL_DMA_Start_IT)
    HAL_Delay                                0x08001cad   Thumb Code    32  stm32f4xx_hal.o(i.HAL_Delay)
    HAL_GPIO_EXTI_Callback                   0x08001cd1   Thumb Code    56  encoder.o(i.HAL_GPIO_EXTI_Callback)
    HAL_GPIO_EXTI_IRQHandler                 0x08001d11   Thumb Code    18  stm32f4xx_hal_gpio.o(i.HAL_GPIO_EXTI_IRQHandler)
    HAL_GPIO_Init                            0x08001d29   Thumb Code   414  stm32f4xx_hal_gpio.o(i.HAL_GPIO_Init)
    HAL_GPIO_ReadPin                         0x08001efd   Thumb Code    10  stm32f4xx_hal_gpio.o(i.HAL_GPIO_ReadPin)
    HAL_GPIO_TogglePin                       0x08001f07   Thumb Code    14  stm32f4xx_hal_gpio.o(i.HAL_GPIO_TogglePin)
    HAL_GPIO_WritePin                        0x08001f15   Thumb Code    10  stm32f4xx_hal_gpio.o(i.HAL_GPIO_WritePin)
    HAL_GetTick                              0x08001f21   Thumb Code     6  stm32f4xx_hal.o(i.HAL_GetTick)
    HAL_IncTick                              0x08001f2d   Thumb Code    12  stm32f4xx_hal.o(i.HAL_IncTick)
    HAL_Init                                 0x08001f3d   Thumb Code    48  stm32f4xx_hal.o(i.HAL_Init)
    HAL_InitTick                             0x08001f71   Thumb Code   100  stm32f4xx_hal_timebase_tim.o(i.HAL_InitTick)
    HAL_MspInit                              0x08001fe5   Thumb Code    52  stm32f4xx_hal_msp.o(i.HAL_MspInit)
    HAL_NVIC_EnableIRQ                       0x0800201d   Thumb Code    26  stm32f4xx_hal_cortex.o(i.HAL_NVIC_EnableIRQ)
    HAL_NVIC_SetPriority                     0x08002039   Thumb Code    60  stm32f4xx_hal_cortex.o(i.HAL_NVIC_SetPriority)
    HAL_NVIC_SetPriorityGrouping             0x08002079   Thumb Code    26  stm32f4xx_hal_cortex.o(i.HAL_NVIC_SetPriorityGrouping)
    HAL_RCC_ClockConfig                      0x0800209d   Thumb Code   288  stm32f4xx_hal_rcc.o(i.HAL_RCC_ClockConfig)
    HAL_RCC_GetClockConfig                   0x080021d1   Thumb Code    54  stm32f4xx_hal_rcc.o(i.HAL_RCC_GetClockConfig)
    HAL_RCC_GetPCLK1Freq                     0x08002211   Thumb Code    20  stm32f4xx_hal_rcc.o(i.HAL_RCC_GetPCLK1Freq)
    HAL_RCC_GetPCLK2Freq                     0x08002231   Thumb Code    20  stm32f4xx_hal_rcc.o(i.HAL_RCC_GetPCLK2Freq)
    HAL_RCC_GetSysClockFreq                  0x08002251   Thumb Code    88  stm32f4xx_hal_rcc.o(i.HAL_RCC_GetSysClockFreq)
    HAL_RCC_OscConfig                        0x080022b5   Thumb Code   834  stm32f4xx_hal_rcc.o(i.HAL_RCC_OscConfig)
    HAL_SPI_Init                             0x08002611   Thumb Code   128  stm32f4xx_hal_spi.o(i.HAL_SPI_Init)
    HAL_SPI_MspInit                          0x08002691   Thumb Code    94  spi.o(i.HAL_SPI_MspInit)
    HAL_SPI_TransmitReceive                  0x080026fd   Thumb Code   482  stm32f4xx_hal_spi.o(i.HAL_SPI_TransmitReceive)
    HAL_TIMEx_BreakCallback                  0x080028df   Thumb Code     2  stm32f4xx_hal_tim_ex.o(i.HAL_TIMEx_BreakCallback)
    HAL_TIMEx_CommutCallback                 0x080028e1   Thumb Code     2  stm32f4xx_hal_tim_ex.o(i.HAL_TIMEx_CommutCallback)
    HAL_TIMEx_MasterConfigSynchronization    0x080028e5   Thumb Code   116  stm32f4xx_hal_tim_ex.o(i.HAL_TIMEx_MasterConfigSynchronization)
    HAL_TIM_Base_Init                        0x08002975   Thumb Code    54  stm32f4xx_hal_tim.o(i.HAL_TIM_Base_Init)
    HAL_TIM_Base_MspInit                     0x080029ad   Thumb Code   172  tim.o(i.HAL_TIM_Base_MspInit)
    HAL_TIM_Base_Start_IT                    0x08002a6d   Thumb Code    34  stm32f4xx_hal_tim.o(i.HAL_TIM_Base_Start_IT)
    HAL_TIM_ConfigClockSource                0x08002a8f   Thumb Code   214  stm32f4xx_hal_tim.o(i.HAL_TIM_ConfigClockSource)
    HAL_TIM_IC_CaptureCallback               0x08002b65   Thumb Code     2  stm32f4xx_hal_tim.o(i.HAL_TIM_IC_CaptureCallback)
    HAL_TIM_IRQHandler                       0x08002b67   Thumb Code   358  stm32f4xx_hal_tim.o(i.HAL_TIM_IRQHandler)
    HAL_TIM_MspPostInit                      0x08002ccd   Thumb Code   144  tim.o(i.HAL_TIM_MspPostInit)
    HAL_TIM_OC_DelayElapsedCallback          0x08002d75   Thumb Code     2  stm32f4xx_hal_tim.o(i.HAL_TIM_OC_DelayElapsedCallback)
    HAL_TIM_PWM_ConfigChannel                0x08002d77   Thumb Code   208  stm32f4xx_hal_tim.o(i.HAL_TIM_PWM_ConfigChannel)
    HAL_TIM_PWM_Init                         0x08002e47   Thumb Code    54  stm32f4xx_hal_tim.o(i.HAL_TIM_PWM_Init)
    HAL_TIM_PWM_MspInit                      0x08002e7d   Thumb Code     2  stm32f4xx_hal_tim.o(i.HAL_TIM_PWM_MspInit)
    HAL_TIM_PWM_PulseFinishedCallback        0x08002e7f   Thumb Code     2  stm32f4xx_hal_tim.o(i.HAL_TIM_PWM_PulseFinishedCallback)
    HAL_TIM_PWM_Start                        0x08002e81   Thumb Code    58  stm32f4xx_hal_tim.o(i.HAL_TIM_PWM_Start)
    HAL_TIM_PeriodElapsedCallback            0x08002ec5   Thumb Code    24  offline_check.o(i.HAL_TIM_PeriodElapsedCallback)
    HAL_TIM_TriggerCallback                  0x08002ee5   Thumb Code     2  stm32f4xx_hal_tim.o(i.HAL_TIM_TriggerCallback)
    HAL_UART_ErrorCallback                   0x08002ee7   Thumb Code     2  stm32f4xx_hal_uart.o(i.HAL_UART_ErrorCallback)
    HAL_UART_IRQHandler                      0x08002ee9   Thumb Code   270  stm32f4xx_hal_uart.o(i.HAL_UART_IRQHandler)
    HAL_UART_IT_Init                         0x08002ffd   Thumb Code    20  bsp_usart.o(i.HAL_UART_IT_Init)
    HAL_UART_Init                            0x08003011   Thumb Code    98  stm32f4xx_hal_uart.o(i.HAL_UART_Init)
    HAL_UART_MspInit                         0x08003075   Thumb Code   584  usart.o(i.HAL_UART_MspInit)
    HAL_UART_Receive_DMA                     0x080032f1   Thumb Code   138  stm32f4xx_hal_uart.o(i.HAL_UART_Receive_DMA)
    HAL_UART_RxCpltCallback                  0x08003389   Thumb Code     2  stm32f4xx_hal_uart.o(i.HAL_UART_RxCpltCallback)
    HAL_UART_RxHalfCpltCallback              0x0800338b   Thumb Code     2  stm32f4xx_hal_uart.o(i.HAL_UART_RxHalfCpltCallback)
    HAL_UART_Transmit                        0x0800338d   Thumb Code   186  stm32f4xx_hal_uart.o(i.HAL_UART_Transmit)
    HAL_UART_TxCpltCallback                  0x08003447   Thumb Code     2  stm32f4xx_hal_uart.o(i.HAL_UART_TxCpltCallback)
    HardFault_Handler                        0x08003449   Thumb Code     2  stm32f4xx_it.o(i.HardFault_Handler)
    IST8310_Init                             0x0800344b   Thumb Code   256  imu.o(i.IST8310_Init)
    LPF_1st                                  0x080035c5   Thumb Code    18  user_lib.o(i.LPF_1st)
    MPU_Device_SPI_Init                      0x080035d9   Thumb Code    90  imu.o(i.MPU_Device_SPI_Init)
    MPU_Offset_Call                          0x080036cd   Thumb Code   160  imu.o(i.MPU_Offset_Call)
    MPU_Read_Byte                            0x08003771   Thumb Code    68  imu.o(i.MPU_Read_Byte)
    MPU_Read_Bytes                           0x080037c1   Thumb Code    80  imu.o(i.MPU_Read_Bytes)
    MPU_Set_Accel_FSR                        0x0800381d   Thumb Code    10  imu.o(i.MPU_Set_Accel_FSR)
    MPU_Set_Gyro_FSR                         0x08003827   Thumb Code    10  imu.o(i.MPU_Set_Gyro_FSR)
    MPU_Write_Byte                           0x08003831   Thumb Code    72  imu.o(i.MPU_Write_Byte)
    MX_CAN1_Init                             0x08003885   Thumb Code    60  can.o(i.MX_CAN1_Init)
    MX_CAN2_Init                             0x080038c9   Thumb Code    60  can.o(i.MX_CAN2_Init)
    MX_DMA_Init                              0x0800390d   Thumb Code    88  dma.o(i.MX_DMA_Init)
    MX_FREERTOS_Init                         0x08003969   Thumb Code   184  freertos.o(i.MX_FREERTOS_Init)
    MX_GPIO_Init                             0x08003a29   Thumb Code   328  gpio.o(i.MX_GPIO_Init)
    MX_SPI5_Init                             0x08003b8d   Thumb Code    62  spi.o(i.MX_SPI5_Init)
    MX_TIM2_Init                             0x08003bd5   Thumb Code    98  tim.o(i.MX_TIM2_Init)
    MX_TIM3_Init                             0x08003c3d   Thumb Code    94  tim.o(i.MX_TIM3_Init)
    MX_TIM4_Init                             0x08003ca5   Thumb Code   194  tim.o(i.MX_TIM4_Init)
    MX_TIM5_Init                             0x08003d71   Thumb Code   194  tim.o(i.MX_TIM5_Init)
    MX_UART7_Init                            0x08003e3d   Thumb Code    48  usart.o(i.MX_UART7_Init)
    MX_UART8_Init                            0x08003e75   Thumb Code    48  usart.o(i.MX_UART8_Init)
    MX_USART1_UART_Init                      0x08003ead   Thumb Code    50  usart.o(i.MX_USART1_UART_Init)
    MX_USART2_UART_Init                      0x08003eed   Thumb Code    48  usart.o(i.MX_USART2_UART_Init)
    MX_USART6_UART_Init                      0x08003f25   Thumb Code    48  usart.o(i.MX_USART6_UART_Init)
    MemManage_Handler                        0x08003f5d   Thumb Code     2  stm32f4xx_it.o(i.MemManage_Handler)
    NMI_Handler                              0x08003f5f   Thumb Code     2  stm32f4xx_it.o(i.NMI_Handler)
    OffLine_Check_Task                       0x08003f61   Thumb Code   184  offline_check_task.o(i.OffLine_Check_Task)
    Off_Line_Detect_Init                     0x08004021   Thumb Code    20  offline_check.o(i.Off_Line_Detect_Init)
    PID_Calc                                 0x0800403d   Thumb Code   372  pid.o(i.PID_Calc)
    PID_Param_Init                           0x080041b9   Thumb Code    62  pid.o(i.PID_Param_Init)
    PID_Params_Set                           0x080041fd   Thumb Code    80  pid_wireless_debug.o(i.PID_Params_Set)
    PID_Params_Upload                        0x08004251   Thumb Code   378  pid_wireless_debug.o(i.PID_Params_Upload)
    PID_Regulator_Decode                     0x080043d9   Thumb Code   218  pid_wireless_debug.o(i.PID_Regulator_Decode)
    PW_IRQHandler                            0x080044b9   Thumb Code   194  pid_wireless_debug.o(i.PW_IRQHandler)
    Power_ON                                 0x08004589   Thumb Code    48  bsp.o(i.Power_ON)
    Printf_Task                              0x080045bd   Thumb Code    70  printf_task.o(i.Printf_Task)
    RC_Data_Error                            0x0800460d   Thumb Code    96  remote_control.o(i.RC_Data_Error)
    RefereeDate_Receive_USART_Init           0x080046f1   Thumb Code    10  referee.o(i.RefereeDate_Receive_USART_Init)
    Referee_Data_Task                        0x08004705   Thumb Code    24  referee_task.o(i.Referee_Data_Task)
    Referee_Restart                          0x0800471d   Thumb Code   116  referee.o(i.Referee_Restart)
    Referee_To_Use                           0x0800479d   Thumb Code   190  referee.o(i.Referee_To_Use)
    Referee_UART_IRQHandler                  0x08004865   Thumb Code   128  referee.o(i.Referee_UART_IRQHandler)
    Refresh_Device_OffLine_Time              0x080048fd   Thumb Code    20  offline_check.o(i.Refresh_Device_OffLine_Time)
    Refresh_SysTime                          0x08004915   Thumb Code    10  offline_check.o(i.Refresh_SysTime)
    Refresh_Task_OffLine_Time                0x08004925   Thumb Code    20  offline_check.o(i.Refresh_Task_OffLine_Time)
    Remote_Control_USART_Init                0x0800493d   Thumb Code    10  remote_control.o(i.Remote_Control_USART_Init)
    Remote_Data_Task                         0x08004951   Thumb Code   146  remote_control_task.o(i.Remote_Data_Task)
    Shoot_Firction_Motor                     0x08004dbd   Thumb Code     4  motor_use_tim.o(i.Shoot_Firction_Motor)
    Shoot_Firction_Motor_PWM_Init            0x08004dc1   Thumb Code    34  motor_use_tim.o(i.Shoot_Firction_Motor_PWM_Init)
    StartDefaultTask                         0x08004de9   Thumb Code    36  freertos.o(i.StartDefaultTask)
    SysTick_Handler                          0x08004e11   Thumb Code    38  port.o(i.SysTick_Handler)
    SystemClock_Config                       0x08004e3d   Thumb Code   124  main.o(i.SystemClock_Config)
    SystemInit                               0x08004ec1   Thumb Code    22  system_stm32f4xx.o(i.SystemInit)
    TIM1_UP_TIM10_IRQHandler                 0x08004edd   Thumb Code     6  stm32f4xx_it.o(i.TIM1_UP_TIM10_IRQHandler)
    TIM3_IRQHandler                          0x08004ee9   Thumb Code     6  stm32f4xx_it.o(i.TIM3_IRQHandler)
    TIM_Base_SetConfig                       0x08004ef5   Thumb Code   156  stm32f4xx_hal_tim.o(i.TIM_Base_SetConfig)
    TIM_CCxChannelCmd                        0x08004fbd   Thumb Code    26  stm32f4xx_hal_tim.o(i.TIM_CCxChannelCmd)
    TIM_Compare_Value_Set                    0x08004fd9   Thumb Code    12  motor_use_tim.o(i.TIM_Compare_Value_Set)
    TIM_ETR_SetConfig                        0x08004fe9   Thumb Code    20  stm32f4xx_hal_tim.o(i.TIM_ETR_SetConfig)
    TIM_OC2_SetConfig                        0x0800506d   Thumb Code    98  stm32f4xx_hal_tim.o(i.TIM_OC2_SetConfig)
    Task_OffLine_Check                       0x080051d9   Thumb Code    64  offline_check.o(i.Task_OffLine_Check)
    Trigger_Drive_Task                       0x08005221   Thumb Code   248  shoot_task.o(i.Trigger_Drive_Task)
    Trigger_Motor_PID_Init                   0x08005339   Thumb Code    28  shoot_task.o(i.Trigger_Motor_PID_Init)
    UART7_IRQHandler                         0x08005369   Thumb Code    16  stm32f4xx_it.o(i.UART7_IRQHandler)
    UART8_IRQHandler                         0x0800537d   Thumb Code     6  stm32f4xx_it.o(i.UART8_IRQHandler)
    USART1_IRQHandler                        0x080056dd   Thumb Code    16  stm32f4xx_it.o(i.USART1_IRQHandler)
    USART2_IRQHandler                        0x080056f1   Thumb Code     4  stm32f4xx_it.o(i.USART2_IRQHandler)
    USART6_IRQHandler                        0x080056f5   Thumb Code    16  stm32f4xx_it.o(i.USART6_IRQHandler)
    USER_UART_IT_Init                        0x08005709   Thumb Code    20  bsp_usart.o(i.USER_UART_IT_Init)
    USER_UART_Receive_DMA                    0x0800571d   Thumb Code   104  bsp_usart.o(i.USER_UART_Receive_DMA)
    UsageFault_Handler                       0x08005785   Thumb Code     2  stm32f4xx_it.o(i.UsageFault_Handler)
    Usart_SendArray                          0x08005787   Thumb Code    34  usart_printf.o(i.Usart_SendArray)
    Usart_SendByte                           0x080057a9   Thumb Code    14  usart_printf.o(i.Usart_SendByte)
    Vcan_Sendware                            0x080057b9   Thumb Code    50  usart_printf.o(i.Vcan_Sendware)
    Verify_CRC16_Check_Sum                   0x080057f9   Thumb Code    54  crc.o(i.Verify_CRC16_Check_Sum)
    Verify_CRC8_Check_Sum                    0x08005835   Thumb Code    38  crc.o(i.Verify_CRC8_Check_Sum)
    Virtual_Oscilloscope                     0x0800585b   Thumb Code    20  usart_printf.o(i.Virtual_Oscilloscope)
    Vision_UART_IRQHandler                   0x08005871   Thumb Code   160  vision.o(i.Vision_UART_IRQHandler)
    Wireless_Debug_USART_Init                0x08005925   Thumb Code    14  pid_wireless_debug.o(i.Wireless_Debug_USART_Init)
    __scatterload_copy                       0x08005959   Thumb Code    14  handlers.o(i.__scatterload_copy)
    __scatterload_null                       0x08005967   Thumb Code     2  handlers.o(i.__scatterload_null)
    __scatterload_zeroinit                   0x08005969   Thumb Code    14  handlers.o(i.__scatterload_zeroinit)
    abs_limit                                0x08005977   Thumb Code    34  user_lib.o(i.abs_limit)
    main                                     0x08005999   Thumb Code    86  main.o(i.main)
    osDelay                                  0x080059fb   Thumb Code    14  cmsis_os.o(i.osDelay)
    osDelayUntil                             0x08005a09   Thumb Code    14  cmsis_os.o(i.osDelayUntil)
    osKernelStart                            0x08005a17   Thumb Code    10  cmsis_os.o(i.osKernelStart)
    osThreadCreate                           0x08005a21   Thumb Code    84  cmsis_os.o(i.osThreadCreate)
    pvPortMalloc                             0x08005db9   Thumb Code   210  heap_4.o(i.pvPortMalloc)
    pxPortInitialiseStack                    0x08005e91   Thumb Code    40  port.o(i.pxPortInitialiseStack)
    ulTaskNotifyTake                         0x08005ebd   Thumb Code    96  tasks.o(i.ulTaskNotifyTake)
    uxListRemove                             0x08005f25   Thumb Code    38  list.o(i.uxListRemove)
    vApplicationGetIdleTaskMemory            0x08005f4d   Thumb Code    16  freertos.o(i.vApplicationGetIdleTaskMemory)
    vListInitialise                          0x08005f61   Thumb Code    22  list.o(i.vListInitialise)
    vListInitialiseItem                      0x08005f77   Thumb Code     6  list.o(i.vListInitialiseItem)
    vListInsert                              0x08005f7d   Thumb Code    48  list.o(i.vListInsert)
    vListInsertEnd                           0x08005fad   Thumb Code    24  list.o(i.vListInsertEnd)
    vPortEnterCritical                       0x08005fc5   Thumb Code    54  port.o(i.vPortEnterCritical)
    vPortExitCritical                        0x08006005   Thumb Code    34  port.o(i.vPortExitCritical)
    vPortFree                                0x0800602d   Thumb Code    88  heap_4.o(i.vPortFree)
    vPortSetupTimerInterrupt                 0x08006089   Thumb Code    32  port.o(i.vPortSetupTimerInterrupt)
    vPortValidateInterruptPriority           0x080060ad   Thumb Code    74  port.o(i.vPortValidateInterruptPriority)
    vTaskDelay                               0x08006101   Thumb Code    66  tasks.o(i.vTaskDelay)
    vTaskDelayUntil                          0x0800614d   Thumb Code   132  tasks.o(i.vTaskDelayUntil)
    vTaskNotifyGiveFromISR                   0x080061d9   Thumb Code   174  tasks.o(i.vTaskNotifyGiveFromISR)
    vTaskStartScheduler                      0x08006291   Thumb Code    90  tasks.o(i.vTaskStartScheduler)
    vTaskSuspendAll                          0x080062fd   Thumb Code    10  tasks.o(i.vTaskSuspendAll)
    vTaskSwitchContext                       0x0800630d   Thumb Code    82  tasks.o(i.vTaskSwitchContext)
    xPortStartScheduler                      0x08006369   Thumb Code   222  port.o(i.xPortStartScheduler)
    xTaskCreate                              0x0800645d   Thumb Code    90  tasks.o(i.xTaskCreate)
    xTaskCreateStatic                        0x080064b7   Thumb Code    86  tasks.o(i.xTaskCreateStatic)
    xTaskGetTickCount                        0x0800650d   Thumb Code     6  tasks.o(i.xTaskGetTickCount)
    xTaskIncrementTick                       0x08006519   Thumb Code   192  tasks.o(i.xTaskIncrementTick)
    xTaskResumeAll                           0x080065e1   Thumb Code   182  tasks.o(i.xTaskResumeAll)
    AHBPrescTable                            0x0800678c   Data          16  system_stm32f4xx.o(.constdata)
    APBPrescTable                            0x0800679c   Data           8  system_stm32f4xx.o(.constdata)
    CRC8_TAB                                 0x080067a4   Data         256  crc.o(.constdata)
    wCRC_Table                               0x080068a4   Data         512  crc.o(.constdata)
    Region$$Table$$Base                      0x08006b40   Number         0  anon$$obj.o(Region$$Table)
    Region$$Table$$Limit                     0x08006b60   Number         0  anon$$obj.o(Region$$Table)
    RemoteDataTaskHandle                     0x20000004   Data           4  freertos.o(.data)
    RefereeDataTaskHandle                    0x20000008   Data           4  freertos.o(.data)
    TriggerDriveTaskHandle                   0x2000000c   Data           4  freertos.o(.data)
    EnergyStorageTaskHandle                  0x20000010   Data           4  freertos.o(.data)
    GimbalControlTaskHandle                  0x20000014   Data           4  freertos.o(.data)
    OffLineCheckTaskHandle                   0x20000018   Data           4  freertos.o(.data)
    PrintfTaskHandle                         0x2000001c   Data           4  freertos.o(.data)
    defaultTaskHandle                        0x20000020   Data           4  freertos.o(.data)
    VisionDataTaskHandle                     0x20000024   Data           4  freertos.o(.data)
    uwTickFreq                               0x20000028   Data           1  stm32f4xx_hal.o(.data)
    uwTickPrio                               0x2000002c   Data           4  stm32f4xx_hal.o(.data)
    uwTick                                   0x20000030   Data           4  stm32f4xx_hal.o(.data)
    SystemCoreClock                          0x20000034   Data           4  system_stm32f4xx.o(.data)
    pxCurrentTCB                             0x20000038   Data           4  tasks.o(.data)
    CRC_INIT                                 0x20000098   Data           2  crc.o(.data)
    id                                       0x2000009e   Data           1  imu.o(.data)
    q0                                       0x200000a0   Data           4  imu.o(.data)
    q1                                       0x200000a4   Data           4  imu.o(.data)
    q2                                       0x200000a8   Data           4  imu.o(.data)
    q3                                       0x200000ac   Data           4  imu.o(.data)
    exInt                                    0x200000b0   Data           4  imu.o(.data)
    eyInt                                    0x200000b4   Data           4  imu.o(.data)
    ezInt                                    0x200000b8   Data           4  imu.o(.data)
    last_update                              0x200000e0   Data           4  imu.o(.data)
    now_update                               0x200000e4   Data           4  imu.o(.data)
    ist_buff                                 0x200000e8   Data           6  imu.o(.data)
    referee_rx_date_len                      0x20000116   Data           2  referee.o(.data)
    referee_reset_flag                       0x2000011c   Data           4  referee.o(.data)
    referee_run_flag                         0x20000120   Data           4  referee.o(.data)
    referee_student_run_flag                 0x20000124   Data           4  referee.o(.data)
    usart_state                              0x2000012c   Data           1  pid_wireless_debug.o(.data)
    usart_rx_index                           0x2000012d   Data           1  pid_wireless_debug.o(.data)
    rxLength                                 0x20000130   Data           2  pid_wireless_debug.o(.data)
    remote_control                           0x20000158   Data           4  remote_control_task.o(.data)
    hcan1                                    0x2000015c   Data          40  can.o(.bss)
    hcan2                                    0x20000184   Data          40  can.o(.bss)
    hspi5                                    0x20000400   Data          88  spi.o(.bss)
    htim2                                    0x20000458   Data          64  tim.o(.bss)
    htim3                                    0x20000498   Data          64  tim.o(.bss)
    htim4                                    0x200004d8   Data          64  tim.o(.bss)
    htim5                                    0x20000518   Data          64  tim.o(.bss)
    huart7                                   0x20000558   Data          64  usart.o(.bss)
    huart8                                   0x20000598   Data          64  usart.o(.bss)
    huart1                                   0x200005d8   Data          64  usart.o(.bss)
    huart2                                   0x20000618   Data          64  usart.o(.bss)
    huart6                                   0x20000658   Data          64  usart.o(.bss)
    hdma_uart7_rx                            0x20000698   Data          96  usart.o(.bss)
    hdma_usart1_rx                           0x200006f8   Data          96  usart.o(.bss)
    hdma_usart6_rx                           0x20000758   Data          96  usart.o(.bss)
    htim1                                    0x200007b8   Data          64  stm32f4xx_hal_timebase_tim.o(.bss)
    motor_pid                                0x200044e8   Data         840  pid.o(.bss)
    imu                                      0x20004830   Data          52  imu.o(.bss)
    mpu_buff                                 0x20004864   Data          14  imu.o(.bss)
    mpu_data                                 0x20004872   Data          32  imu.o(.bss)
    g_Time_Device_OffLine                    0x20004894   Data          28  offline_check.o(.bss)
    g_Time_Task_OffLine                      0x200048b0   Data          32  offline_check.o(.bss)
    off_line                                 0x200048d0   Data          16  offline_check.o(.bss)
    motor_get                                0x200048e0   Data         196  motor_use_can.o(.bss)
    minipc_rx                                0x20004a64   Data          12  vision.o(.bss)
    referee_receive                          0x20004a84   Data         280  referee.o(.bss)
    referee_used                             0x20004b9c   Data          60  referee.o(.bss)
    referee_send                             0x20004bd8   Data         280  referee.o(.bss)
    referee_client                           0x20004cf0   Data         280  referee.o(.bss)
    rc_ctrl                                  0x20004ed0   Data          20  remote_control.o(.bss)
    pid_regulator_msg                        0x20004f08   Data          44  pid_wireless_debug.o(.bss)
    usart_rx_Info                            0x20004f34   Data         200  pid_wireless_debug.o(.bss)
    shoot_control                            0x20004ffc   Data          24  shoot_task.o(.bss)
    __initial_sp                             0x20005418   Data           0  startup_stm32f427xx.o(STACK)



==============================================================================

Memory Map of the image

  Image Entry point : 0x080001ad

  Load Region LR_IROM1 (Base: 0x08000000, Size: 0x00006cbc, Max: 0x00200000, ABSOLUTE, COMPRESSED[0x00006b84])

    Execution Region ER_IROM1 (Exec base: 0x08000000, Load base: 0x08000000, Size: 0x00006b60, Max: 0x00200000, ABSOLUTE)

    Exec Addr    Load Addr    Size         Type   Attr      Idx    E Section Name        Object

    0x08000000   0x08000000   0x000001ac   Data   RO            3    RESET               startup_stm32f427xx.o
    0x080001ac   0x080001ac   0x00000000   Code   RO         7358  * .ARM.Collect$$$$00000000  mc_w.l(entry.o)
    0x080001ac   0x080001ac   0x00000004   Code   RO         7468    .ARM.Collect$$$$00000001  mc_w.l(entry2.o)
    0x080001b0   0x080001b0   0x00000004   Code   RO         7471    .ARM.Collect$$$$00000004  mc_w.l(entry5.o)
    0x080001b4   0x080001b4   0x00000000   Code   RO         7473    .ARM.Collect$$$$00000008  mc_w.l(entry7b.o)
    0x080001b4   0x080001b4   0x00000000   Code   RO         7475    .ARM.Collect$$$$0000000A  mc_w.l(entry8b.o)
    0x080001b4   0x080001b4   0x00000008   Code   RO         7476    .ARM.Collect$$$$0000000B  mc_w.l(entry9a.o)
    0x080001bc   0x080001bc   0x00000000   Code   RO         7478    .ARM.Collect$$$$0000000D  mc_w.l(entry10a.o)
    0x080001bc   0x080001bc   0x00000000   Code   RO         7480    .ARM.Collect$$$$0000000F  mc_w.l(entry11a.o)
    0x080001bc   0x080001bc   0x00000004   Code   RO         7469    .ARM.Collect$$$$00002712  mc_w.l(entry2.o)
    0x080001c0   0x080001c0   0x000000be   Code   RO         5501    .emb_text           port.o
    0x0800027e   0x0800027e   0x00000002   PAD
    0x08000280   0x08000280   0x00000024   Code   RO            4    .text               startup_stm32f427xx.o
    0x080002a4   0x080002a4   0x00000062   Code   RO         7361    .text               mc_w.l(uldiv.o)
    0x08000306   0x08000306   0x00000024   Code   RO         7363    .text               mc_w.l(memcpya.o)
    0x0800032a   0x0800032a   0x00000024   Code   RO         7367    .text               mc_w.l(memseta.o)
    0x0800034e   0x0800034e   0x0000014e   Code   RO         7403    .text               mf_w.l(dadd.o)
    0x0800049c   0x0800049c   0x000000de   Code   RO         7407    .text               mf_w.l(ddiv.o)
    0x0800057a   0x0800057a   0x0000001a   Code   RO         7411    .text               mf_w.l(dfltui.o)
    0x08000594   0x08000594   0x00000038   Code   RO         7417    .text               mf_w.l(d2f.o)
    0x080005cc   0x080005cc   0x0000001e   Code   RO         7482    .text               mc_w.l(llshl.o)
    0x080005ea   0x080005ea   0x00000020   Code   RO         7484    .text               mc_w.l(llushr.o)
    0x0800060a   0x0800060a   0x00000024   Code   RO         7486    .text               mc_w.l(llsshr.o)
    0x0800062e   0x0800062e   0x00000000   Code   RO         7497    .text               mc_w.l(iusefp.o)
    0x0800062e   0x0800062e   0x0000006e   Code   RO         7498    .text               mf_w.l(fepilogue.o)
    0x0800069c   0x0800069c   0x000000ba   Code   RO         7500    .text               mf_w.l(depilogue.o)
    0x08000756   0x08000756   0x00000002   PAD
    0x08000758   0x08000758   0x00000024   Code   RO         7510    .text               mc_w.l(init.o)
    0x0800077c   0x0800077c   0x0000003a   Code   RO         7520    .text               mc_w.l(__dczerorl.o)
    0x080007b6   0x080007b6   0x00000002   PAD
    0x080007b8   0x080007b8   0x00000054   Code   RO         5631    i.BSP_CAN_Init      bsp_can.o
    0x0800080c   0x0800080c   0x00000038   Code   RO         5581    i.BSP_Init          bsp.o
    0x08000844   0x08000844   0x00000002   Code   RO          825    i.BusFault_Handler  stm32f4xx_it.o
    0x08000846   0x08000846   0x00000002   PAD
    0x08000848   0x08000848   0x0000000c   Code   RO          826    i.CAN1_RX0_IRQHandler  stm32f4xx_it.o
    0x08000854   0x08000854   0x0000000c   Code   RO          827    i.CAN2_RX0_IRQHandler  stm32f4xx_it.o
    0x08000860   0x08000860   0x0000001c   Code   RO         6524    i.CAN_GET_Remote    motor_use_can.o
    0x0800087c   0x0800087c   0x00000054   Code   RO         6528    i.Chassis_Motor_Drive  motor_use_can.o
    0x080008d0   0x080008d0   0x0000000c   Code   RO          828    i.DMA1_Stream3_IRQHandler  stm32f4xx_it.o
    0x080008dc   0x080008dc   0x0000000c   Code   RO          829    i.DMA2_Stream1_IRQHandler  stm32f4xx_it.o
    0x080008e8   0x080008e8   0x0000000c   Code   RO          830    i.DMA2_Stream2_IRQHandler  stm32f4xx_it.o
    0x080008f4   0x080008f4   0x00000028   Code   RO         1954    i.DMA_CalcBaseAndBitshift  stm32f4xx_hal_dma.o
    0x0800091c   0x0800091c   0x00000054   Code   RO         1955    i.DMA_CheckFifoParam  stm32f4xx_hal_dma.o
    0x08000970   0x08000970   0x00000028   Code   RO         1956    i.DMA_SetConfig     stm32f4xx_hal_dma.o
    0x08000998   0x08000998   0x00000090   Code   RO         6878    i.DR16_UART_IRQHandler  remote_control.o
    0x08000a28   0x08000a28   0x00000002   Code   RO          831    i.DebugMon_Handler  stm32f4xx_it.o
    0x08000a2a   0x08000a2a   0x00000002   PAD
    0x08000a2c   0x08000a2c   0x00000048   Code   RO         6346    i.Device_OffLine_Check  offline_check.o
    0x08000a74   0x08000a74   0x00000006   Code   RO          832    i.EXTI9_5_IRQHandler  stm32f4xx_it.o
    0x08000a7a   0x08000a7a   0x00000002   PAD
    0x08000a7c   0x08000a7c   0x00000030   Code   RO         7033    i.EnergyStorage_Motor_PID_Init  shoot_task.o
    0x08000aac   0x08000aac   0x00000024   Code   RO         7034    i.Energy_Release    shoot_task.o
    0x08000ad0   0x08000ad0   0x000000ac   Code   RO         7035    i.Energy_Storage    shoot_task.o
    0x08000b7c   0x08000b7c   0x000000b4   Code   RO         7036    i.Energy_Storage_First  shoot_task.o
    0x08000c30   0x08000c30   0x000001fc   Code   RO         7037    i.Energy_Storage_Task  shoot_task.o
    0x08000e2c   0x08000e2c   0x00000002   Code   RO           13    i.Error_Handler     main.o
    0x08000e2e   0x08000e2e   0x00000002   PAD
    0x08000e30   0x08000e30   0x0000002c   Code   RO         6077    i.Get_CRC16_Check_Sum  crc.o
    0x08000e5c   0x08000e5c   0x0000001c   Code   RO         6078    i.Get_CRC8_Check_Sum  crc.o
    0x08000e78   0x08000e78   0x0000003c   Code   RO         6529    i.Get_Moto_Measure_2006  motor_use_can.o
    0x08000eb4   0x08000eb4   0x00000040   Code   RO         6530    i.Get_Moto_Measure_3508  motor_use_can.o
    0x08000ef4   0x08000ef4   0x00000040   Code   RO         6531    i.Get_Moto_Measure_6020  motor_use_can.o
    0x08000f34   0x08000f34   0x00000010   Code   RO         6533    i.Get_Moto_Offset   motor_use_can.o
    0x08000f44   0x08000f44   0x0000004c   Code   RO         6402    i.Get_System_Timer  offline_check.o
    0x08000f90   0x08000f90   0x000000a8   Code   RO         7237    i.Gimbal_Control_Task  gimbal_control_task.o
    0x08001038   0x08001038   0x00000050   Code   RO         6536    i.Gimbal_Motor_Drive  motor_use_can.o
    0x08001088   0x08001088   0x00000024   Code   RO         1210    i.HAL_CAN_ActivateNotification  stm32f4xx_hal_can.o
    0x080010ac   0x080010ac   0x000000c8   Code   RO         1211    i.HAL_CAN_AddTxMessage  stm32f4xx_hal_can.o
    0x08001174   0x08001174   0x0000010c   Code   RO         1212    i.HAL_CAN_ConfigFilter  stm32f4xx_hal_can.o
    0x08001280   0x08001280   0x00000002   Code   RO         1215    i.HAL_CAN_ErrorCallback  stm32f4xx_hal_can.o
    0x08001282   0x08001282   0x000000e8   Code   RO         1218    i.HAL_CAN_GetRxMessage  stm32f4xx_hal_can.o
    0x0800136a   0x0800136a   0x000001fc   Code   RO         1222    i.HAL_CAN_IRQHandler  stm32f4xx_hal_can.o
    0x08001566   0x08001566   0x0000011a   Code   RO         1223    i.HAL_CAN_Init      stm32f4xx_hal_can.o
    0x08001680   0x08001680   0x000000fc   Code   RO          364    i.HAL_CAN_MspInit   can.o
    0x0800177c   0x0800177c   0x00000002   Code   RO         1230    i.HAL_CAN_RxFifo0FullCallback  stm32f4xx_hal_can.o
    0x0800177e   0x0800177e   0x00000002   PAD
    0x08001780   0x08001780   0x00000170   Code   RO         6537    i.HAL_CAN_RxFifo0MsgPendingCallback  motor_use_can.o
    0x080018f0   0x080018f0   0x00000002   Code   RO         1232    i.HAL_CAN_RxFifo1FullCallback  stm32f4xx_hal_can.o
    0x080018f2   0x080018f2   0x00000002   Code   RO         1233    i.HAL_CAN_RxFifo1MsgPendingCallback  stm32f4xx_hal_can.o
    0x080018f4   0x080018f4   0x00000002   Code   RO         1234    i.HAL_CAN_SleepCallback  stm32f4xx_hal_can.o
    0x080018f6   0x080018f6   0x00000002   PAD
    0x080018f8   0x080018f8   0x00000058   Code   RO         1235    i.HAL_CAN_Start     stm32f4xx_hal_can.o
    0x08001950   0x08001950   0x00000002   Code   RO         1237    i.HAL_CAN_TxMailbox0AbortCallback  stm32f4xx_hal_can.o
    0x08001952   0x08001952   0x00000002   Code   RO         1238    i.HAL_CAN_TxMailbox0CompleteCallback  stm32f4xx_hal_can.o
    0x08001954   0x08001954   0x00000002   Code   RO         1239    i.HAL_CAN_TxMailbox1AbortCallback  stm32f4xx_hal_can.o
    0x08001956   0x08001956   0x00000002   Code   RO         1240    i.HAL_CAN_TxMailbox1CompleteCallback  stm32f4xx_hal_can.o
    0x08001958   0x08001958   0x00000002   Code   RO         1241    i.HAL_CAN_TxMailbox2AbortCallback  stm32f4xx_hal_can.o
    0x0800195a   0x0800195a   0x00000002   Code   RO         1242    i.HAL_CAN_TxMailbox2CompleteCallback  stm32f4xx_hal_can.o
    0x0800195c   0x0800195c   0x00000002   Code   RO         1244    i.HAL_CAN_WakeUpFromRxMsgCallback  stm32f4xx_hal_can.o
    0x0800195e   0x0800195e   0x00000024   Code   RO         1958    i.HAL_DMA_Abort_IT  stm32f4xx_hal_dma.o
    0x08001982   0x08001982   0x00000002   PAD
    0x08001984   0x08001984   0x000001a0   Code   RO         1962    i.HAL_DMA_IRQHandler  stm32f4xx_hal_dma.o
    0x08001b24   0x08001b24   0x000000d4   Code   RO         1963    i.HAL_DMA_Init      stm32f4xx_hal_dma.o
    0x08001bf8   0x08001bf8   0x00000046   Code   RO         1966    i.HAL_DMA_Start     stm32f4xx_hal_dma.o
    0x08001c3e   0x08001c3e   0x0000006e   Code   RO         1967    i.HAL_DMA_Start_IT  stm32f4xx_hal_dma.o
    0x08001cac   0x08001cac   0x00000024   Code   RO         2394    i.HAL_Delay         stm32f4xx_hal.o
    0x08001cd0   0x08001cd0   0x00000040   Code   RO         6309    i.HAL_GPIO_EXTI_Callback  encoder.o
    0x08001d10   0x08001d10   0x00000018   Code   RO         1849    i.HAL_GPIO_EXTI_IRQHandler  stm32f4xx_hal_gpio.o
    0x08001d28   0x08001d28   0x000001d4   Code   RO         1850    i.HAL_GPIO_Init     stm32f4xx_hal_gpio.o
    0x08001efc   0x08001efc   0x0000000a   Code   RO         1852    i.HAL_GPIO_ReadPin  stm32f4xx_hal_gpio.o
    0x08001f06   0x08001f06   0x0000000e   Code   RO         1853    i.HAL_GPIO_TogglePin  stm32f4xx_hal_gpio.o
    0x08001f14   0x08001f14   0x0000000a   Code   RO         1854    i.HAL_GPIO_WritePin  stm32f4xx_hal_gpio.o
    0x08001f1e   0x08001f1e   0x00000002   PAD
    0x08001f20   0x08001f20   0x0000000c   Code   RO         2402    i.HAL_GetTick       stm32f4xx_hal.o
    0x08001f2c   0x08001f2c   0x00000010   Code   RO         2408    i.HAL_IncTick       stm32f4xx_hal.o
    0x08001f3c   0x08001f3c   0x00000034   Code   RO         2409    i.HAL_Init          stm32f4xx_hal.o
    0x08001f70   0x08001f70   0x00000074   Code   RO         1170    i.HAL_InitTick      stm32f4xx_hal_timebase_tim.o
    0x08001fe4   0x08001fe4   0x00000038   Code   RO         1146    i.HAL_MspInit       stm32f4xx_hal_msp.o
    0x0800201c   0x0800201c   0x0000001a   Code   RO         2257    i.HAL_NVIC_EnableIRQ  stm32f4xx_hal_cortex.o
    0x08002036   0x08002036   0x00000002   PAD
    0x08002038   0x08002038   0x00000040   Code   RO         2263    i.HAL_NVIC_SetPriority  stm32f4xx_hal_cortex.o
    0x08002078   0x08002078   0x00000024   Code   RO         2264    i.HAL_NVIC_SetPriorityGrouping  stm32f4xx_hal_cortex.o
    0x0800209c   0x0800209c   0x00000134   Code   RO         1444    i.HAL_RCC_ClockConfig  stm32f4xx_hal_rcc.o
    0x080021d0   0x080021d0   0x00000040   Code   RO         1448    i.HAL_RCC_GetClockConfig  stm32f4xx_hal_rcc.o
    0x08002210   0x08002210   0x00000020   Code   RO         1451    i.HAL_RCC_GetPCLK1Freq  stm32f4xx_hal_rcc.o
    0x08002230   0x08002230   0x00000020   Code   RO         1452    i.HAL_RCC_GetPCLK2Freq  stm32f4xx_hal_rcc.o
    0x08002250   0x08002250   0x00000064   Code   RO         1453    i.HAL_RCC_GetSysClockFreq  stm32f4xx_hal_rcc.o
    0x080022b4   0x080022b4   0x0000035c   Code   RO         1456    i.HAL_RCC_OscConfig  stm32f4xx_hal_rcc.o
    0x08002610   0x08002610   0x00000080   Code   RO         2668    i.HAL_SPI_Init      stm32f4xx_hal_spi.o
    0x08002690   0x08002690   0x0000006c   Code   RO          652    i.HAL_SPI_MspInit   spi.o
    0x080026fc   0x080026fc   0x000001e2   Code   RO         2677    i.HAL_SPI_TransmitReceive  stm32f4xx_hal_spi.o
    0x080028de   0x080028de   0x00000002   Code   RO         3656    i.HAL_TIMEx_BreakCallback  stm32f4xx_hal_tim_ex.o
    0x080028e0   0x080028e0   0x00000002   Code   RO         3657    i.HAL_TIMEx_CommutCallback  stm32f4xx_hal_tim_ex.o
    0x080028e2   0x080028e2   0x00000002   PAD
    0x080028e4   0x080028e4   0x00000090   Code   RO         3674    i.HAL_TIMEx_MasterConfigSynchronization  stm32f4xx_hal_tim_ex.o
    0x08002974   0x08002974   0x00000036   Code   RO         2981    i.HAL_TIM_Base_Init  stm32f4xx_hal_tim.o
    0x080029aa   0x080029aa   0x00000002   PAD
    0x080029ac   0x080029ac   0x000000c0   Code   RO          694    i.HAL_TIM_Base_MspInit  tim.o
    0x08002a6c   0x08002a6c   0x00000022   Code   RO         2986    i.HAL_TIM_Base_Start_IT  stm32f4xx_hal_tim.o
    0x08002a8e   0x08002a8e   0x000000d6   Code   RO         2990    i.HAL_TIM_ConfigClockSource  stm32f4xx_hal_tim.o
    0x08002b64   0x08002b64   0x00000002   Code   RO         3010    i.HAL_TIM_IC_CaptureCallback  stm32f4xx_hal_tim.o
    0x08002b66   0x08002b66   0x00000166   Code   RO         3024    i.HAL_TIM_IRQHandler  stm32f4xx_hal_tim.o
    0x08002ccc   0x08002ccc   0x000000a8   Code   RO          695    i.HAL_TIM_MspPostInit  tim.o
    0x08002d74   0x08002d74   0x00000002   Code   RO         3027    i.HAL_TIM_OC_DelayElapsedCallback  stm32f4xx_hal_tim.o
    0x08002d76   0x08002d76   0x000000d0   Code   RO         3048    i.HAL_TIM_PWM_ConfigChannel  stm32f4xx_hal_tim.o
    0x08002e46   0x08002e46   0x00000036   Code   RO         3051    i.HAL_TIM_PWM_Init  stm32f4xx_hal_tim.o
    0x08002e7c   0x08002e7c   0x00000002   Code   RO         3053    i.HAL_TIM_PWM_MspInit  stm32f4xx_hal_tim.o
    0x08002e7e   0x08002e7e   0x00000002   Code   RO         3054    i.HAL_TIM_PWM_PulseFinishedCallback  stm32f4xx_hal_tim.o
    0x08002e80   0x08002e80   0x00000044   Code   RO         3056    i.HAL_TIM_PWM_Start  stm32f4xx_hal_tim.o
    0x08002ec4   0x08002ec4   0x00000020   Code   RO         6347    i.HAL_TIM_PeriodElapsedCallback  offline_check.o
    0x08002ee4   0x08002ee4   0x00000002   Code   RO         3067    i.HAL_TIM_TriggerCallback  stm32f4xx_hal_tim.o
    0x08002ee6   0x08002ee6   0x00000002   Code   RO         3928    i.HAL_UART_ErrorCallback  stm32f4xx_hal_uart.o
    0x08002ee8   0x08002ee8   0x00000114   Code   RO         3931    i.HAL_UART_IRQHandler  stm32f4xx_hal_uart.o
    0x08002ffc   0x08002ffc   0x00000014   Code   RO         5690    i.HAL_UART_IT_Init  bsp_usart.o
    0x08003010   0x08003010   0x00000062   Code   RO         3932    i.HAL_UART_Init     stm32f4xx_hal_uart.o
    0x08003072   0x08003072   0x00000002   PAD
    0x08003074   0x08003074   0x0000027c   Code   RO          760    i.HAL_UART_MspInit  usart.o
    0x080032f0   0x080032f0   0x00000098   Code   RO         3936    i.HAL_UART_Receive_DMA  stm32f4xx_hal_uart.o
    0x08003388   0x08003388   0x00000002   Code   RO         3938    i.HAL_UART_RxCpltCallback  stm32f4xx_hal_uart.o
    0x0800338a   0x0800338a   0x00000002   Code   RO         3939    i.HAL_UART_RxHalfCpltCallback  stm32f4xx_hal_uart.o
    0x0800338c   0x0800338c   0x000000ba   Code   RO         3940    i.HAL_UART_Transmit  stm32f4xx_hal_uart.o
    0x08003446   0x08003446   0x00000002   Code   RO         3943    i.HAL_UART_TxCpltCallback  stm32f4xx_hal_uart.o
    0x08003448   0x08003448   0x00000002   Code   RO          833    i.HardFault_Handler  stm32f4xx_it.o
    0x0800344a   0x0800344a   0x00000100   Code   RO         6180    i.IST8310_Init      imu.o
    0x0800354a   0x0800354a   0x00000038   Code   RO         6181    i.IST_Reg_Read_By_MPU  imu.o
    0x08003582   0x08003582   0x00000042   Code   RO         6182    i.IST_Reg_Write_By_MPU  imu.o
    0x080035c4   0x080035c4   0x00000012   Code   RO         5900    i.LPF_1st           user_lib.o
    0x080035d6   0x080035d6   0x00000002   PAD
    0x080035d8   0x080035d8   0x00000064   Code   RO         6184    i.MPU_Device_SPI_Init  imu.o
    0x0800363c   0x0800363c   0x0000008e   Code   RO         6186    i.MPU_Master_I2C_Auto_Read_Config  imu.o
    0x080036ca   0x080036ca   0x00000002   PAD
    0x080036cc   0x080036cc   0x000000a4   Code   RO         6187    i.MPU_Offset_Call   imu.o
    0x08003770   0x08003770   0x00000050   Code   RO         6188    i.MPU_Read_Byte     imu.o
    0x080037c0   0x080037c0   0x0000005c   Code   RO         6189    i.MPU_Read_Bytes    imu.o
    0x0800381c   0x0800381c   0x0000000a   Code   RO         6190    i.MPU_Set_Accel_FSR  imu.o
    0x08003826   0x08003826   0x0000000a   Code   RO         6191    i.MPU_Set_Gyro_FSR  imu.o
    0x08003830   0x08003830   0x00000054   Code   RO         6192    i.MPU_Write_Byte    imu.o
    0x08003884   0x08003884   0x00000044   Code   RO          365    i.MX_CAN1_Init      can.o
    0x080038c8   0x080038c8   0x00000044   Code   RO          366    i.MX_CAN2_Init      can.o
    0x0800390c   0x0800390c   0x0000005c   Code   RO          412    i.MX_DMA_Init       dma.o
    0x08003968   0x08003968   0x000000c0   Code   RO          439    i.MX_FREERTOS_Init  freertos.o
    0x08003a28   0x08003a28   0x00000164   Code   RO          240    i.MX_GPIO_Init      gpio.o
    0x08003b8c   0x08003b8c   0x00000048   Code   RO          653    i.MX_SPI5_Init      spi.o
    0x08003bd4   0x08003bd4   0x00000068   Code   RO          696    i.MX_TIM2_Init      tim.o
    0x08003c3c   0x08003c3c   0x00000068   Code   RO          697    i.MX_TIM3_Init      tim.o
    0x08003ca4   0x08003ca4   0x000000cc   Code   RO          698    i.MX_TIM4_Init      tim.o
    0x08003d70   0x08003d70   0x000000cc   Code   RO          699    i.MX_TIM5_Init      tim.o
    0x08003e3c   0x08003e3c   0x00000038   Code   RO          761    i.MX_UART7_Init     usart.o
    0x08003e74   0x08003e74   0x00000038   Code   RO          762    i.MX_UART8_Init     usart.o
    0x08003eac   0x08003eac   0x00000040   Code   RO          763    i.MX_USART1_UART_Init  usart.o
    0x08003eec   0x08003eec   0x00000038   Code   RO          764    i.MX_USART2_UART_Init  usart.o
    0x08003f24   0x08003f24   0x00000038   Code   RO          765    i.MX_USART6_UART_Init  usart.o
    0x08003f5c   0x08003f5c   0x00000002   Code   RO          834    i.MemManage_Handler  stm32f4xx_it.o
    0x08003f5e   0x08003f5e   0x00000002   Code   RO          835    i.NMI_Handler       stm32f4xx_it.o
    0x08003f60   0x08003f60   0x000000c0   Code   RO         7176    i.OffLine_Check_Task  offline_check_task.o
    0x08004020   0x08004020   0x0000001c   Code   RO         6348    i.Off_Line_Detect_Init  offline_check.o
    0x0800403c   0x0800403c   0x0000017c   Code   RO         6136    i.PID_Calc          pid.o
    0x080041b8   0x080041b8   0x00000044   Code   RO         6138    i.PID_Param_Init    pid.o
    0x080041fc   0x080041fc   0x00000054   Code   RO         6931    i.PID_Params_Set    pid_wireless_debug.o
    0x08004250   0x08004250   0x00000188   Code   RO         6932    i.PID_Params_Upload  pid_wireless_debug.o
    0x080043d8   0x080043d8   0x000000e0   Code   RO         6933    i.PID_Regulator_Decode  pid_wireless_debug.o
    0x080044b8   0x080044b8   0x000000d0   Code   RO         6934    i.PW_IRQHandler     pid_wireless_debug.o
    0x08004588   0x08004588   0x00000034   Code   RO         5582    i.Power_ON          bsp.o
    0x080045bc   0x080045bc   0x00000050   Code   RO         6999    i.Printf_Task       printf_task.o
    0x0800460c   0x0800460c   0x00000064   Code   RO         6879    i.RC_Data_Error     remote_control.o
    0x08004670   0x08004670   0x00000080   Code   RO         6880    i.RC_Restart        remote_control.o
    0x080046f0   0x080046f0   0x00000014   Code   RO         6709    i.RefereeDate_Receive_USART_Init  referee.o
    0x08004704   0x08004704   0x00000018   Code   RO         7149    i.Referee_Data_Task  referee_task.o
    0x0800471c   0x0800471c   0x00000080   Code   RO         6710    i.Referee_Restart   referee.o
    0x0800479c   0x0800479c   0x000000c8   Code   RO         6711    i.Referee_To_Use    referee.o
    0x08004864   0x08004864   0x00000098   Code   RO         6712    i.Referee_UART_IRQHandler  referee.o
    0x080048fc   0x080048fc   0x00000018   Code   RO         6349    i.Refresh_Device_OffLine_Time  offline_check.o
    0x08004914   0x08004914   0x00000010   Code   RO         6350    i.Refresh_SysTime   offline_check.o
    0x08004924   0x08004924   0x00000018   Code   RO         6351    i.Refresh_Task_OffLine_Time  offline_check.o
    0x0800493c   0x0800493c   0x00000014   Code   RO         6881    i.Remote_Control_USART_Init  remote_control.o
    0x08004950   0x08004950   0x0000009c   Code   RO         7207    i.Remote_Data_Task  remote_control_task.o
    0x080049ec   0x080049ec   0x000000a6   Code   RO         6882    i.SBUS_To_RC        remote_control.o
    0x08004a92   0x08004a92   0x00000002   PAD
    0x08004a94   0x08004a94   0x0000023c   Code   RO         6714    i.SBUS_To_Referee   referee.o
    0x08004cd0   0x08004cd0   0x00000058   Code   RO         2706    i.SPI_EndRxTxTransaction  stm32f4xx_hal_spi.o
    0x08004d28   0x08004d28   0x00000094   Code   RO         2711    i.SPI_WaitFlagStateUntilTimeout  stm32f4xx_hal_spi.o
    0x08004dbc   0x08004dbc   0x00000004   Code   RO         6472    i.Shoot_Firction_Motor  motor_use_tim.o
    0x08004dc0   0x08004dc0   0x00000028   Code   RO         6473    i.Shoot_Firction_Motor_PWM_Init  motor_use_tim.o
    0x08004de8   0x08004de8   0x00000028   Code   RO          440    i.StartDefaultTask  freertos.o
    0x08004e10   0x08004e10   0x0000002c   Code   RO         5502    i.SysTick_Handler   port.o
    0x08004e3c   0x08004e3c   0x00000084   Code   RO           14    i.SystemClock_Config  main.o
    0x08004ec0   0x08004ec0   0x0000001c   Code   RO         4234    i.SystemInit        system_stm32f4xx.o
    0x08004edc   0x08004edc   0x0000000c   Code   RO          836    i.TIM1_UP_TIM10_IRQHandler  stm32f4xx_it.o
    0x08004ee8   0x08004ee8   0x0000000c   Code   RO          837    i.TIM3_IRQHandler   stm32f4xx_it.o
    0x08004ef4   0x08004ef4   0x000000c8   Code   RO         3069    i.TIM_Base_SetConfig  stm32f4xx_hal_tim.o
    0x08004fbc   0x08004fbc   0x0000001a   Code   RO         3070    i.TIM_CCxChannelCmd  stm32f4xx_hal_tim.o
    0x08004fd6   0x08004fd6   0x00000002   PAD
    0x08004fd8   0x08004fd8   0x00000010   Code   RO         6476    i.TIM_Compare_Value_Set  motor_use_tim.o
    0x08004fe8   0x08004fe8   0x00000014   Code   RO         3080    i.TIM_ETR_SetConfig  stm32f4xx_hal_tim.o
    0x08004ffc   0x08004ffc   0x00000010   Code   RO         3081    i.TIM_ITRx_SetConfig  stm32f4xx_hal_tim.o
    0x0800500c   0x0800500c   0x00000060   Code   RO         3082    i.TIM_OC1_SetConfig  stm32f4xx_hal_tim.o
    0x0800506c   0x0800506c   0x0000006c   Code   RO         3083    i.TIM_OC2_SetConfig  stm32f4xx_hal_tim.o
    0x080050d8   0x080050d8   0x00000068   Code   RO         3084    i.TIM_OC3_SetConfig  stm32f4xx_hal_tim.o
    0x08005140   0x08005140   0x00000050   Code   RO         3085    i.TIM_OC4_SetConfig  stm32f4xx_hal_tim.o
    0x08005190   0x08005190   0x00000022   Code   RO         3087    i.TIM_TI1_ConfigInputStage  stm32f4xx_hal_tim.o
    0x080051b2   0x080051b2   0x00000024   Code   RO         3089    i.TIM_TI2_ConfigInputStage  stm32f4xx_hal_tim.o
    0x080051d6   0x080051d6   0x00000002   PAD
    0x080051d8   0x080051d8   0x00000048   Code   RO         6352    i.Task_OffLine_Check  offline_check.o
    0x08005220   0x08005220   0x00000118   Code   RO         7038    i.Trigger_Drive_Task  shoot_task.o
    0x08005338   0x08005338   0x00000030   Code   RO         7039    i.Trigger_Motor_PID_Init  shoot_task.o
    0x08005368   0x08005368   0x00000014   Code   RO          838    i.UART7_IRQHandler  stm32f4xx_it.o
    0x0800537c   0x0800537c   0x0000000c   Code   RO          839    i.UART8_IRQHandler  stm32f4xx_it.o
    0x08005388   0x08005388   0x00000010   Code   RO         3945    i.UART_DMAAbortOnError  stm32f4xx_hal_uart.o
    0x08005398   0x08005398   0x0000004a   Code   RO         3946    i.UART_DMAError     stm32f4xx_hal_uart.o
    0x080053e2   0x080053e2   0x0000003c   Code   RO         3947    i.UART_DMAReceiveCplt  stm32f4xx_hal_uart.o
    0x0800541e   0x0800541e   0x0000000a   Code   RO         3949    i.UART_DMARxHalfCplt  stm32f4xx_hal_uart.o
    0x08005428   0x08005428   0x0000001c   Code   RO         3955    i.UART_EndRxTransfer  stm32f4xx_hal_uart.o
    0x08005444   0x08005444   0x00000012   Code   RO         3956    i.UART_EndTxTransfer  stm32f4xx_hal_uart.o
    0x08005456   0x08005456   0x00000096   Code   RO         3957    i.UART_Receive_IT   stm32f4xx_hal_uart.o
    0x080054ec   0x080054ec   0x00000128   Code   RO         3958    i.UART_SetConfig    stm32f4xx_hal_uart.o
    0x08005614   0x08005614   0x00000062   Code   RO         3959    i.UART_Transmit_IT  stm32f4xx_hal_uart.o
    0x08005676   0x08005676   0x00000064   Code   RO         3960    i.UART_WaitOnFlagUntilTimeout  stm32f4xx_hal_uart.o
    0x080056da   0x080056da   0x00000002   PAD
    0x080056dc   0x080056dc   0x00000014   Code   RO          840    i.USART1_IRQHandler  stm32f4xx_it.o
    0x080056f0   0x080056f0   0x00000004   Code   RO          841    i.USART2_IRQHandler  stm32f4xx_it.o
    0x080056f4   0x080056f4   0x00000014   Code   RO          842    i.USART6_IRQHandler  stm32f4xx_it.o
    0x08005708   0x08005708   0x00000014   Code   RO         5691    i.USER_UART_IT_Init  bsp_usart.o
    0x0800571c   0x0800571c   0x00000068   Code   RO         5692    i.USER_UART_Receive_DMA  bsp_usart.o
    0x08005784   0x08005784   0x00000002   Code   RO          843    i.UsageFault_Handler  stm32f4xx_it.o
    0x08005786   0x08005786   0x00000022   Code   RO         6828    i.Usart_SendArray   usart_printf.o
    0x080057a8   0x080057a8   0x0000000e   Code   RO         6829    i.Usart_SendByte    usart_printf.o
    0x080057b6   0x080057b6   0x00000002   PAD
    0x080057b8   0x080057b8   0x00000040   Code   RO         6830    i.Vcan_Sendware     usart_printf.o
    0x080057f8   0x080057f8   0x0000003c   Code   RO         6079    i.Verify_CRC16_Check_Sum  crc.o
    0x08005834   0x08005834   0x00000026   Code   RO         6080    i.Verify_CRC8_Check_Sum  crc.o
    0x0800585a   0x0800585a   0x00000014   Code   RO         6831    i.Virtual_Oscilloscope  usart_printf.o
    0x0800586e   0x0800586e   0x00000002   PAD
    0x08005870   0x08005870   0x000000b4   Code   RO         6662    i.Vision_UART_IRQHandler  vision.o
    0x08005924   0x08005924   0x00000014   Code   RO         6935    i.Wireless_Debug_USART_Init  pid_wireless_debug.o
    0x08005938   0x08005938   0x00000020   Code   RO         2270    i.__NVIC_SetPriority  stm32f4xx_hal_cortex.o
    0x08005958   0x08005958   0x0000000e   Code   RO         7514    i.__scatterload_copy  mc_w.l(handlers.o)
    0x08005966   0x08005966   0x00000002   Code   RO         7515    i.__scatterload_null  mc_w.l(handlers.o)
    0x08005968   0x08005968   0x0000000e   Code   RO         7516    i.__scatterload_zeroinit  mc_w.l(handlers.o)
    0x08005976   0x08005976   0x00000022   Code   RO         5907    i.abs_limit         user_lib.o
    0x08005998   0x08005998   0x00000056   Code   RO           15    i.main              main.o
    0x080059ee   0x080059ee   0x0000000c   Code   RO         5070    i.makeFreeRtosPriority  cmsis_os.o
    0x080059fa   0x080059fa   0x0000000e   Code   RO         5072    i.osDelay           cmsis_os.o
    0x08005a08   0x08005a08   0x0000000e   Code   RO         5073    i.osDelayUntil      cmsis_os.o
    0x08005a16   0x08005a16   0x0000000a   Code   RO         5075    i.osKernelStart     cmsis_os.o
    0x08005a20   0x08005a20   0x00000054   Code   RO         5109    i.osThreadCreate    cmsis_os.o
    0x08005a74   0x08005a74   0x00000070   Code   RO         4761    i.prvAddCurrentTaskToDelayedList  tasks.o
    0x08005ae4   0x08005ae4   0x000000d0   Code   RO         4762    i.prvAddNewTaskToReadyList  tasks.o
    0x08005bb4   0x08005bb4   0x00000034   Code   RO         4763    i.prvDeleteTCB      tasks.o
    0x08005be8   0x08005be8   0x0000004c   Code   RO         5440    i.prvHeapInit       heap_4.o
    0x08005c34   0x08005c34   0x00000060   Code   RO         4764    i.prvIdleTask       tasks.o
    0x08005c94   0x08005c94   0x0000008e   Code   RO         4765    i.prvInitialiseNewTask  tasks.o
    0x08005d22   0x08005d22   0x00000002   PAD
    0x08005d24   0x08005d24   0x0000004c   Code   RO         5441    i.prvInsertBlockIntoFreeList  heap_4.o
    0x08005d70   0x08005d70   0x00000020   Code   RO         4766    i.prvResetNextTaskUnblockTime  tasks.o
    0x08005d90   0x08005d90   0x00000028   Code   RO         5503    i.prvTaskExitError  port.o
    0x08005db8   0x08005db8   0x000000d8   Code   RO         5442    i.pvPortMalloc      heap_4.o
    0x08005e90   0x08005e90   0x0000002c   Code   RO         5504    i.pxPortInitialiseStack  port.o
    0x08005ebc   0x08005ebc   0x00000068   Code   RO         4769    i.ulTaskNotifyTake  tasks.o
    0x08005f24   0x08005f24   0x00000026   Code   RO         4403    i.uxListRemove      list.o
    0x08005f4a   0x08005f4a   0x00000002   PAD
    0x08005f4c   0x08005f4c   0x00000014   Code   RO          441    i.vApplicationGetIdleTaskMemory  freertos.o
    0x08005f60   0x08005f60   0x00000016   Code   RO         4404    i.vListInitialise   list.o
    0x08005f76   0x08005f76   0x00000006   Code   RO         4405    i.vListInitialiseItem  list.o
    0x08005f7c   0x08005f7c   0x00000030   Code   RO         4406    i.vListInsert       list.o
    0x08005fac   0x08005fac   0x00000018   Code   RO         4407    i.vListInsertEnd    list.o
    0x08005fc4   0x08005fc4   0x00000040   Code   RO         5506    i.vPortEnterCritical  port.o
    0x08006004   0x08006004   0x00000028   Code   RO         5507    i.vPortExitCritical  port.o
    0x0800602c   0x0800602c   0x0000005c   Code   RO         5443    i.vPortFree         heap_4.o
    0x08006088   0x08006088   0x00000024   Code   RO         5508    i.vPortSetupTimerInterrupt  port.o
    0x080060ac   0x080060ac   0x00000054   Code   RO         5509    i.vPortValidateInterruptPriority  port.o
    0x08006100   0x08006100   0x0000004c   Code   RO         4774    i.vTaskDelay        tasks.o
    0x0800614c   0x0800614c   0x0000008c   Code   RO         4775    i.vTaskDelayUntil   tasks.o
    0x080061d8   0x080061d8   0x000000b8   Code   RO         4780    i.vTaskNotifyGiveFromISR  tasks.o
    0x08006290   0x08006290   0x0000006c   Code   RO         4788    i.vTaskStartScheduler  tasks.o
    0x080062fc   0x080062fc   0x00000010   Code   RO         4790    i.vTaskSuspendAll   tasks.o
    0x0800630c   0x0800630c   0x0000005c   Code   RO         4791    i.vTaskSwitchContext  tasks.o
    0x08006368   0x08006368   0x000000f4   Code   RO         5510    i.xPortStartScheduler  port.o
    0x0800645c   0x0800645c   0x0000005a   Code   RO         4793    i.xTaskCreate       tasks.o
    0x080064b6   0x080064b6   0x00000056   Code   RO         4794    i.xTaskCreateStatic  tasks.o
    0x0800650c   0x0800650c   0x0000000c   Code   RO         4799    i.xTaskGetTickCount  tasks.o
    0x08006518   0x08006518   0x000000c8   Code   RO         4801    i.xTaskIncrementTick  tasks.o
    0x080065e0   0x080065e0   0x000000c4   Code   RO         4807    i.xTaskResumeAll    tasks.o
    0x080066a4   0x080066a4   0x000000e0   Data   RO          443    .constdata          freertos.o
    0x08006784   0x08006784   0x00000008   Data   RO         1969    .constdata          stm32f4xx_hal_dma.o
    0x0800678c   0x0800678c   0x00000010   Data   RO         4235    .constdata          system_stm32f4xx.o
    0x0800679c   0x0800679c   0x00000008   Data   RO         4236    .constdata          system_stm32f4xx.o
    0x080067a4   0x080067a4   0x00000300   Data   RO         6082    .constdata          crc.o
    0x08006aa4   0x08006aa4   0x00000014   Data   RO         6196    .constdata          imu.o
    0x08006ab8   0x08006ab8   0x00000088   Data   RO          444    .conststring        freertos.o
    0x08006b40   0x08006b40   0x00000020   Data   RO         7512    Region$$Table       anon$$obj.o


    Execution Region RW_IRAM1 (Exec base: 0x20000000, Load base: 0x08006b60, Size: 0x00005418, Max: 0x00030000, ABSOLUTE, COMPRESSED[0x00000024])

    Exec Addr    Load Addr    Size         Type   Attr      Idx    E Section Name        Object

    0x20000000   COMPRESSED   0x00000004   Data   RW          368    .data               can.o
    0x20000004   COMPRESSED   0x00000020   Data   RW          445    .data               freertos.o
    0x20000024   COMPRESSED   0x00000004   Data   RW          446    .data               freertos.o
    0x20000028   COMPRESSED   0x0000000c   Data   RW         2416    .data               stm32f4xx_hal.o
    0x20000034   COMPRESSED   0x00000004   Data   RW         4237    .data               system_stm32f4xx.o
    0x20000038   COMPRESSED   0x0000003c   Data   RW         4810    .data               tasks.o
    0x20000074   COMPRESSED   0x00000018   Data   RW         5448    .data               heap_4.o
    0x2000008c   COMPRESSED   0x0000000c   Data   RW         5511    .data               port.o
    0x20000098   COMPRESSED   0x00000002   Data   RW         6083    .data               crc.o
    0x2000009a   COMPRESSED   0x00000002   PAD
    0x2000009c   COMPRESSED   0x00000060   Data   RW         6197    .data               imu.o
    0x200000fc   COMPRESSED   0x00000004   PAD
    0x20000100   COMPRESSED   0x00000008   Data   RW         6540    .data               motor_use_can.o
    0x20000108   COMPRESSED   0x00000004   Data   RW         6664    .data               vision.o
    0x2000010c   COMPRESSED   0x0000001c   Data   RW         6716    .data               referee.o
    0x20000128   COMPRESSED   0x00000004   Data   RW         6884    .data               remote_control.o
    0x2000012c   COMPRESSED   0x00000006   Data   RW         6938    .data               pid_wireless_debug.o
    0x20000132   COMPRESSED   0x00000002   PAD
    0x20000134   COMPRESSED   0x00000024   Data   RW         7041    .data               shoot_task.o
    0x20000158   COMPRESSED   0x00000004   Data   RW         7208    .data               remote_control_task.o
    0x2000015c        -       0x00000050   Zero   RW          367    .bss                can.o
    0x200001ac        -       0x00000254   Zero   RW          442    .bss                freertos.o
    0x20000400        -       0x00000058   Zero   RW          654    .bss                spi.o
    0x20000458        -       0x00000100   Zero   RW          700    .bss                tim.o
    0x20000558        -       0x00000260   Zero   RW          766    .bss                usart.o
    0x200007b8        -       0x00000040   Zero   RW         1173    .bss                stm32f4xx_hal_timebase_tim.o
    0x200007f8        -       0x000000f0   Zero   RW         4809    .bss                tasks.o
    0x200008e8        -       0x00003c00   Zero   RW         5447    .bss                heap_4.o
    0x200044e8        -       0x00000348   Zero   RW         6139    .bss                pid.o
    0x20004830        -       0x00000062   Zero   RW         6195    .bss                imu.o
    0x20004892   COMPRESSED   0x00000002   PAD
    0x20004894        -       0x0000004c   Zero   RW         6353    .bss                offline_check.o
    0x200048e0        -       0x00000184   Zero   RW         6539    .bss                motor_use_can.o
    0x20004a64        -       0x0000001e   Zero   RW         6663    .bss                vision.o
    0x20004a82   COMPRESSED   0x00000002   PAD
    0x20004a84        -       0x0000044c   Zero   RW         6715    .bss                referee.o
    0x20004ed0        -       0x00000038   Zero   RW         6883    .bss                remote_control.o
    0x20004f08        -       0x000000f4   Zero   RW         6936    .bss                pid_wireless_debug.o
    0x20004ffc        -       0x00000018   Zero   RW         7040    .bss                shoot_task.o
    0x20005014   COMPRESSED   0x00000004   PAD
    0x20005018        -       0x00000400   Zero   RW            1    STACK               startup_stm32f427xx.o


==============================================================================

Image component sizes


      Code (inc. data)   RO Data    RW Data    ZI Data      Debug   Object Name

       108         14          0          0          0       1142   bsp.o
        84          8          0          0          0       1039   bsp_can.o
       144          0          0          0          0     628699   bsp_usart.o
       388         40          0          4         80       2654   can.o
       134          0          0          0          0      25980   cmsis_os.o
       170         16        768          2          0       3951   crc.o
         0          0          0          0          0       7500   croutine.o
        92          4          0          0          0        898   dma.o
        64          8          0          0          0        653   encoder.o
         0          0          0          0          0      20764   event_groups.o
       252         16        360         36        596      32646   freertos.o
       168         12          0          0          0        746   gimbal_control_task.o
       356         28          0          0          0     749235   gpio.o
       460         24          0         24      15360       7567   heap_4.o
      1060         50         20         96         98       9916   imu.o
       138          0          0          0          0       3758   list.o
       220          8          0          0          0     695720   main.o
       764         36          0          8        388      12987   motor_use_can.o
        60         10          0          0          0       2295   motor_use_tim.o
       344         60          0          0         76       6983   offline_check.o
       192          8          0          0          0        741   offline_check_task.o
       448         14          0          0        840       3392   pid.o
       928         44          0          6        244       6527   pid_wireless_debug.o
       786         82          0         12          0      12369   port.o
        80         10          0          0          0        598   printf_task.o
         0          0          0          0          0       2496   queue.o
      1072         68          0         28       1100      21636   referee.o
        24          0          0          0          0        620   referee_task.o
       558         48          0          4         56       4941   remote_control.o
       156         10          0          4          0       1620   remote_control_task.o
      1272        162          0         36         24       7202   shoot_task.o
       180         24          0          0         88       1829   spi.o
        36          8        428          0       1024        868   startup_stm32f427xx.o
       116         18          0         12          0       9118   stm32f4xx_hal.o
      1638          6          0          0          0      14979   stm32f4xx_hal_can.o
       158         14          0          0          0      33338   stm32f4xx_hal_cortex.o
      1008         16          8          0          0       7646   stm32f4xx_hal_dma.o
       526         60          0          0          0       4535   stm32f4xx_hal_gpio.o
        56          4          0          0          0        938   stm32f4xx_hal_msp.o
      1396         92          0          0          0       6137   stm32f4xx_hal_rcc.o
       846          8          0          0          0       4913   stm32f4xx_hal_spi.o
      1720         90          0          0          0      17326   stm32f4xx_hal_tim.o
       148         28          0          0          0       2597   stm32f4xx_hal_tim_ex.o
       116         16          0          0         64       1527   stm32f4xx_hal_timebase_tim.o
      1570         30          0          0          0      14052   stm32f4xx_hal_uart.o
       178         60          0          0          0      10403   stm32f4xx_it.o
         0          0          0          0          0        384   stream_buffer.o
        28          6         24          4          0       1263   system_stm32f4xx.o
      1946        142          0         60        240      21056   tasks.o
       976         80          0          0        256       5179   tim.o
       924         98          0          0        608       5026   usart.o
       132         14          0          0          0       3516   usart_printf.o
        52          0          0          0          0       2615   user_lib.o
       180         20          0          4         30       2233   vision.o

    ----------------------------------------------------------------------
     24498       1614       1640        348      21180    2448753   Object Totals
         0          0         32          0          0          0   (incl. Generated)
        46          0          0          8          8          0   (incl. Padding)

    ----------------------------------------------------------------------

      Code (inc. data)   RO Data    RW Data    ZI Data      Debug   Library Member Name

        58          0          0          0          0          0   __dczerorl.o
         0          0          0          0          0          0   entry.o
         0          0          0          0          0          0   entry10a.o
         0          0          0          0          0          0   entry11a.o
         8          4          0          0          0          0   entry2.o
         4          0          0          0          0          0   entry5.o
         0          0          0          0          0          0   entry7b.o
         0          0          0          0          0          0   entry8b.o
         8          4          0          0          0          0   entry9a.o
        30          0          0          0          0          0   handlers.o
        36          8          0          0          0         68   init.o
         0          0          0          0          0          0   iusefp.o
        30          0          0          0          0         68   llshl.o
        36          0          0          0          0         68   llsshr.o
        32          0          0          0          0         68   llushr.o
        36          0          0          0          0         68   memcpya.o
        36          0          0          0          0        108   memseta.o
        98          0          0          0          0         92   uldiv.o
        56          0          0          0          0         88   d2f.o
       334          0          0          0          0        148   dadd.o
       222          0          0          0          0        100   ddiv.o
       186          0          0          0          0        176   depilogue.o
        26          0          0          0          0         76   dfltui.o
       110          0          0          0          0        168   fepilogue.o

    ----------------------------------------------------------------------
      1350         16          0          0          0       1296   Library Totals
         4          0          0          0          0          0   (incl. Padding)

    ----------------------------------------------------------------------

      Code (inc. data)   RO Data    RW Data    ZI Data      Debug   Library Name

       412         16          0          0          0        540   mc_w.l
       934          0          0          0          0        756   mf_w.l

    ----------------------------------------------------------------------
      1350         16          0          0          0       1296   Library Totals

    ----------------------------------------------------------------------

==============================================================================


      Code (inc. data)   RO Data    RW Data    ZI Data      Debug   

     25848       1630       1640        348      21180    2425161   Grand Totals
     25848       1630       1640         36      21180    2425161   ELF Image Totals (compressed)
     25848       1630       1640         36          0          0   ROM Totals

==============================================================================

    Total RO  Size (Code + RO Data)                27488 (  26.84kB)
    Total RW  Size (RW Data + ZI Data)             21528 (  21.02kB)
    Total ROM Size (Code + RO Data + RW Data)      27524 (  26.88kB)

==============================================================================

